Archive member included to satisfy reference by file (symbol)

c:/tool/gcc-arm/bin/../lib/gcc/arm-none-eabi/10.3.1/../../../../arm-none-eabi/lib/thumb/v7-m/nofp\libc.a(lib_a-atoi.o)
                              build/console.o (atoi)
c:/tool/gcc-arm/bin/../lib/gcc/arm-none-eabi/10.3.1/../../../../arm-none-eabi/lib/thumb/v7-m/nofp\libc.a(lib_a-exit.o)
                              c:/tool/gcc-arm/bin/../lib/gcc/arm-none-eabi/10.3.1/../../../../arm-none-eabi/lib/thumb/v7-m/nofp/crt0.o (exit)
c:/tool/gcc-arm/bin/../lib/gcc/arm-none-eabi/10.3.1/../../../../arm-none-eabi/lib/thumb/v7-m/nofp\libc.a(lib_a-impure.o)
                              c:/tool/gcc-arm/bin/../lib/gcc/arm-none-eabi/10.3.1/../../../../arm-none-eabi/lib/thumb/v7-m/nofp\libc.a(lib_a-exit.o) (_global_impure_ptr)
c:/tool/gcc-arm/bin/../lib/gcc/arm-none-eabi/10.3.1/../../../../arm-none-eabi/lib/thumb/v7-m/nofp\libc.a(lib_a-init.o)
                              c:/tool/gcc-arm/bin/../lib/gcc/arm-none-eabi/10.3.1/../../../../arm-none-eabi/lib/thumb/v7-m/nofp/crt0.o (__libc_init_array)
c:/tool/gcc-arm/bin/../lib/gcc/arm-none-eabi/10.3.1/../../../../arm-none-eabi/lib/thumb/v7-m/nofp\libc.a(lib_a-malloc.o)
                              build/fifo.o (malloc)
c:/tool/gcc-arm/bin/../lib/gcc/arm-none-eabi/10.3.1/../../../../arm-none-eabi/lib/thumb/v7-m/nofp\libc.a(lib_a-mallocr.o)
                              c:/tool/gcc-arm/bin/../lib/gcc/arm-none-eabi/10.3.1/../../../../arm-none-eabi/lib/thumb/v7-m/nofp\libc.a(lib_a-malloc.o) (_malloc_r)
c:/tool/gcc-arm/bin/../lib/gcc/arm-none-eabi/10.3.1/../../../../arm-none-eabi/lib/thumb/v7-m/nofp\libc.a(lib_a-memcpy.o)
                              build/fifo.o (memcpy)
c:/tool/gcc-arm/bin/../lib/gcc/arm-none-eabi/10.3.1/../../../../arm-none-eabi/lib/thumb/v7-m/nofp\libc.a(lib_a-memset.o)
                              c:/tool/gcc-arm/bin/../lib/gcc/arm-none-eabi/10.3.1/../../../../arm-none-eabi/lib/thumb/v7-m/nofp/crt0.o (memset)
c:/tool/gcc-arm/bin/../lib/gcc/arm-none-eabi/10.3.1/../../../../arm-none-eabi/lib/thumb/v7-m/nofp\libc.a(lib_a-mlock.o)
                              c:/tool/gcc-arm/bin/../lib/gcc/arm-none-eabi/10.3.1/../../../../arm-none-eabi/lib/thumb/v7-m/nofp\libc.a(lib_a-mallocr.o) (__malloc_lock)
c:/tool/gcc-arm/bin/../lib/gcc/arm-none-eabi/10.3.1/../../../../arm-none-eabi/lib/thumb/v7-m/nofp\libc.a(lib_a-printf.o)
                              build/console.o (printf)
c:/tool/gcc-arm/bin/../lib/gcc/arm-none-eabi/10.3.1/../../../../arm-none-eabi/lib/thumb/v7-m/nofp\libc.a(lib_a-putchar.o)
                              build/main.o (putchar)
c:/tool/gcc-arm/bin/../lib/gcc/arm-none-eabi/10.3.1/../../../../arm-none-eabi/lib/thumb/v7-m/nofp\libc.a(lib_a-puts.o)
                              build/console.o (puts)
c:/tool/gcc-arm/bin/../lib/gcc/arm-none-eabi/10.3.1/../../../../arm-none-eabi/lib/thumb/v7-m/nofp\libc.a(lib_a-sbrkr.o)
                              c:/tool/gcc-arm/bin/../lib/gcc/arm-none-eabi/10.3.1/../../../../arm-none-eabi/lib/thumb/v7-m/nofp\libc.a(lib_a-mallocr.o) (_sbrk_r)
c:/tool/gcc-arm/bin/../lib/gcc/arm-none-eabi/10.3.1/../../../../arm-none-eabi/lib/thumb/v7-m/nofp\libc.a(lib_a-setbuf.o)
                              build/main.o (setbuf)
c:/tool/gcc-arm/bin/../lib/gcc/arm-none-eabi/10.3.1/../../../../arm-none-eabi/lib/thumb/v7-m/nofp\libc.a(lib_a-setvbuf.o)
                              c:/tool/gcc-arm/bin/../lib/gcc/arm-none-eabi/10.3.1/../../../../arm-none-eabi/lib/thumb/v7-m/nofp\libc.a(lib_a-setbuf.o) (setvbuf)
c:/tool/gcc-arm/bin/../lib/gcc/arm-none-eabi/10.3.1/../../../../arm-none-eabi/lib/thumb/v7-m/nofp\libc.a(lib_a-strcat.o)
                              build/console.o (strcat)
c:/tool/gcc-arm/bin/../lib/gcc/arm-none-eabi/10.3.1/../../../../arm-none-eabi/lib/thumb/v7-m/nofp\libc.a(lib_a-strcmp.o)
                              build/console.o (strcmp)
c:/tool/gcc-arm/bin/../lib/gcc/arm-none-eabi/10.3.1/../../../../arm-none-eabi/lib/thumb/v7-m/nofp\libc.a(lib_a-strcpy.o)
                              build/console.o (strcpy)
c:/tool/gcc-arm/bin/../lib/gcc/arm-none-eabi/10.3.1/../../../../arm-none-eabi/lib/thumb/v7-m/nofp\libc.a(lib_a-strlen-stub.o)
                              build/console.o (strlen)
c:/tool/gcc-arm/bin/../lib/gcc/arm-none-eabi/10.3.1/../../../../arm-none-eabi/lib/thumb/v7-m/nofp\libc.a(lib_a-strstr.o)
                              build/console.o (strstr)
c:/tool/gcc-arm/bin/../lib/gcc/arm-none-eabi/10.3.1/../../../../arm-none-eabi/lib/thumb/v7-m/nofp\libc.a(lib_a-strtok.o)
                              build/console.o (strtok)
c:/tool/gcc-arm/bin/../lib/gcc/arm-none-eabi/10.3.1/../../../../arm-none-eabi/lib/thumb/v7-m/nofp\libc.a(lib_a-strtok_r.o)
                              c:/tool/gcc-arm/bin/../lib/gcc/arm-none-eabi/10.3.1/../../../../arm-none-eabi/lib/thumb/v7-m/nofp\libc.a(lib_a-strtok.o) (__strtok_r)
c:/tool/gcc-arm/bin/../lib/gcc/arm-none-eabi/10.3.1/../../../../arm-none-eabi/lib/thumb/v7-m/nofp\libc.a(lib_a-strtol.o)
[...]
Memory Configuration

Name             Origin             Length             Attributes
RAM              0x20000000         0x00005000         xrw
FLASH            0x08000000         0x00010000         xr
*default*        0x00000000         0xffffffff

Linker script and memory map

LOAD c:/tool/gcc-arm/bin/../lib/gcc/arm-none-eabi/10.3.1/thumb/v7-m/nofp/crti.o
LOAD c:/tool/gcc-arm/bin/../lib/gcc/arm-none-eabi/10.3.1/thumb/v7-m/nofp/crtbegin.o
LOAD c:/tool/gcc-arm/bin/../lib/gcc/arm-none-eabi/10.3.1/../../../../arm-none-eabi/lib/thumb/v7-m/nofp/crt0.o
LOAD build/main.o
LOAD build/gpio.o
LOAD build/dma.o
LOAD build/i2c.o
LOAD build/tim.o
LOAD build/usart.o
LOAD build/stm32f1xx_it.o
LOAD build/stm32f1xx_hal_msp.o
LOAD build/stm32f1xx_hal_gpio_ex.o
LOAD build/stm32f1xx_hal_i2c.o
LOAD build/stm32f1xx_hal.o
LOAD build/stm32f1xx_hal_rcc.o
LOAD build/stm32f1xx_hal_rcc_ex.o
LOAD build/stm32f1xx_hal_gpio.o
LOAD build/stm32f1xx_hal_dma.o
LOAD build/stm32f1xx_hal_cortex.o
LOAD build/stm32f1xx_hal_pwr.o
LOAD build/stm32f1xx_hal_flash.o
LOAD build/stm32f1xx_hal_flash_ex.o
LOAD build/stm32f1xx_hal_exti.o
LOAD build/stm32f1xx_hal_tim.o
LOAD build/stm32f1xx_hal_tim_ex.o
LOAD build/stm32f1xx_hal_uart.o
LOAD build/system_stm32f1xx.o
LOAD build/console.o
LOAD build/m_tim.o
LOAD build/fifo.o
LOAD build/led.o
LOAD build/oled.o
LOAD build/pwm.o
LOAD build/soft_i2c_stm32.o
LOAD build/soft_i2c.o
LOAD build/uart_redirect.o
LOAD build/startup_stm32f103xb.o
LOAD c:/tool/gcc-arm/bin/../lib/gcc/arm-none-eabi/10.3.1/../../../../arm-none-eabi/lib/thumb/v7-m/nofp\libc.a
LOAD c:/tool/gcc-arm/bin/../lib/gcc/arm-none-eabi/10.3.1/../../../../arm-none-eabi/lib/thumb/v7-m/nofp\libm.a
LOAD c:/tool/gcc-arm/bin/../lib/gcc/arm-none-eabi/10.3.1/../../../../arm-none-eabi/lib/thumb/v7-m/nofp\libnosys.a
LOAD c:/tool/gcc-arm/bin/../lib/gcc/arm-none-eabi/10.3.1/../../../../arm-none-eabi/lib/thumb/v7-m/nofp\libc.a
LOAD c:/tool/gcc-arm/bin/../lib/gcc/arm-none-eabi/10.3.1/../../../../arm-none-eabi/lib/thumb/v7-m/nofp\librdimon.a
START GROUP
LOAD c:/tool/gcc-arm/bin/../lib/gcc/arm-none-eabi/10.3.1/thumb/v7-m/nofp\libgcc.a
LOAD c:/tool/gcc-arm/bin/../lib/gcc/arm-none-eabi/10.3.1/../../../../arm-none-eabi/lib/thumb/v7-m/nofp\libc.a
END GROUP
LOAD c:/tool/gcc-arm/bin/../lib/gcc/arm-none-eabi/10.3.1/thumb/v7-m/nofp/crtend.o
LOAD c:/tool/gcc-arm/bin/../lib/gcc/arm-none-eabi/10.3.1/thumb/v7-m/nofp/crtn.o
                0x20005000                _estack = (ORIGIN (RAM) + LENGTH (RAM))
                0x00000200                _Min_Heap_Size = 0x200
                0x00000400                _Min_Stack_Size = 0x400

.isr_vector     0x08000000      0x10c
                0x08000000                . = ALIGN (0x4)
 *(.isr_vector)
 .isr_vector    0x08000000      0x10c build/startup_stm32f103xb.o
                0x08000000                g_pfnVectors
                0x0800010c                . = ALIGN (0x4)

.text           0x08000110     0xbb6c
                0x08000110                . = ALIGN (0x4)
 *(.text)
 .text          0x08000110       0x40 c:/tool/gcc-arm/bin/../lib/gcc/arm-none-eabi/10.3.1/thumb/v7-m/nofp/crtbegin.o
 .text          0x08000150       0xec c:/tool/gcc-arm/bin/../lib/gcc/arm-none-eabi/10.3.1/../../../../arm-none-eabi/lib/thumb/v7-m/nofp\libc.a(lib_a-memcpy.o)
                0x08000150                memcpy
 .text          0x0800023c      0x1bc c:/tool/gcc-arm/bin/../lib/gcc/arm-none-eabi/10.3.1/../../../../arm-none-eabi/lib/thumb/v7-m/nofp\libc.a(lib_a-strcmp.o)
                0x0800023c                strcmp
 .text          0x080003f8      0x378 c:/tool/gcc-arm/bin/../lib/gcc/arm-none-eabi/10.3.1/thumb/v7-m/nofp\libgcc.a(_arm_addsubdf3.o)
                0x080003f8                __aeabi_drsub
                0x08000400                __aeabi_dsub
                0x08000400                __subdf3
                0x08000404                __aeabi_dadd
                0x08000404                __adddf3
                0x0800067c                __floatunsidf
                0x0800067c                __aeabi_ui2d
                0x0800069c                __floatsidf
                0x0800069c                __aeabi_i2d
                0x080006c0                __aeabi_f2d
                0x080006c0                __extendsfdf2
                0x08000704                __floatundidf
                0x08000704                __aeabi_ul2d
                0x08000714                __floatdidf
                0x08000714                __aeabi_l2d
 .text          0x08000770      0x424 c:/tool/gcc-arm/bin/../lib/gcc/arm-none-eabi/10.3.1/thumb/v7-m/nofp\libgcc.a(_arm_muldivdf3.o)
                0x08000770                __aeabi_dmul
                0x08000770                __muldf3
                0x080009c4                __divdf3
                0x080009c4                __aeabi_ddiv
 .text          0x08000b94      0x110 c:/tool/gcc-arm/bin/../lib/gcc/arm-none-eabi/10.3.1/thumb/v7-m/nofp\libgcc.a(_arm_cmpdf2.o)
                0x08000b94                __gtdf2
                0x08000b94                __gedf2
                0x08000b9c                __ltdf2
                0x08000b9c                __ledf2
                0x08000ba4                __nedf2
                0x08000ba4                __eqdf2
                0x08000ba4                __cmpdf2
                0x08000c20                __aeabi_cdrcmple
                0x08000c30                __aeabi_cdcmpeq
                0x08000c30                __aeabi_cdcmple
                0x08000c40                __aeabi_dcmpeq
                0x08000c54                __aeabi_dcmplt
                0x08000c68                __aeabi_dcmple
                0x08000c7c                __aeabi_dcmpge
                0x08000c90                __aeabi_dcmpgt
 .text          0x08000ca4       0x2c c:/tool/gcc-arm/bin/../lib/gcc/arm-none-eabi/10.3.1/thumb/v7-m/nofp\libgcc.a(_arm_unorddf2.o)
                0x08000ca4                __unorddf2
                0x08000ca4                __aeabi_dcmpun
 .text          0x08000cd0       0x50 c:/tool/gcc-arm/bin/../lib/gcc/arm-none-eabi/10.3.1/thumb/v7-m/nofp\libgcc.a(_arm_fixdfsi.o)
                0x08000cd0                __aeabi_d2iz
                0x08000cd0                __fixdfsi
 .text          0x08000d20       0x30 c:/tool/gcc-arm/bin/../lib/gcc/arm-none-eabi/10.3.1/thumb/v7-m/nofp\libgcc.a(_aeabi_uldivmod.o)
                0x08000d20                __aeabi_uldivmod
 .text          0x08000d50      0x2d4 c:/tool/gcc-arm/bin/../lib/gcc/arm-none-eabi/10.3.1/thumb/v7-m/nofp\libgcc.a(_udivmoddi4.o)
                0x08000d50                __udivmoddi4
 .text          0x08001024        0x4 c:/tool/gcc-arm/bin/../lib/gcc/arm-none-eabi/10.3.1/thumb/v7-m/nofp\libgcc.a(_dvmd_tls.o)
                0x08001024                __aeabi_idiv0
                0x08001024                __aeabi_ldiv0
 *(.text*)
 .text.HAL_UARTEx_RxEventCallback
                0x08001028       0x40 build/main.o
                0x08001028                HAL_UARTEx_RxEventCallback
 .text.Error_Handler
                0x08001068        0x4 build/main.o
                0x08001068                Error_Handler
 .text.SystemClock_Config
                0x0800106c       0x64 build/main.o
                0x0800106c                SystemClock_Config
 .text.main     0x080010d0       0xd4 build/main.o
                0x080010d0                main
 .text.MX_GPIO_Init
                0x080011a4       0x9c build/gpio.o
                0x080011a4                MX_GPIO_Init
 .text.MX_DMA_Init
                0x08001240       0x54 build/dma.o
                0x08001240                MX_DMA_Init
 .text.MX_I2C1_Init
                0x08001294       0x3c build/i2c.o
                0x08001294                MX_I2C1_Init
 .text.HAL_I2C_MspInit
                0x080012d0       0xb8 build/i2c.o
                0x080012d0                HAL_I2C_MspInit
 .text.MX_TIM1_Init
                0x08001388       0x74 build/tim.o
                0x08001388                MX_TIM1_Init
 .text.HAL_TIM_Base_MspInit
                0x080013fc       0x90 build/tim.o
                0x080013fc                HAL_TIM_Base_MspInit
 .text.HAL_TIM_MspPostInit
                0x0800148c       0x4c build/tim.o
                0x0800148c                HAL_TIM_MspPostInit
 .text.MX_TIM2_Init
                0x080014d8       0xac build/tim.o
                0x080014d8                MX_TIM2_Init
 .text.MX_USART1_UART_Init
                0x08001584       0x34 build/usart.o
                0x08001584                MX_USART1_UART_Init
 .text.HAL_UART_MspInit
                0x080015b8       0xf0 build/usart.o
                0x080015b8                HAL_UART_MspInit
 .text.NMI_Handler
                0x080016a8        0x2 build/stm32f1xx_it.o
                0x080016a8                NMI_Handler
 .text.HardFault_Handler
                0x080016aa        0x2 build/stm32f1xx_it.o
                0x080016aa                HardFault_Handler
 .text.MemManage_Handler
                0x080016ac        0x2 build/stm32f1xx_it.o
                0x080016ac                MemManage_Handler
 .text.BusFault_Handler
                0x080016ae        0x2 build/stm32f1xx_it.o
                0x080016ae                BusFault_Handler
 .text.UsageFault_Handler
                0x080016b0        0x2 build/stm32f1xx_it.o
                0x080016b0                UsageFault_Handler
 .text.SVC_Handler
                0x080016b2        0x2 build/stm32f1xx_it.o
                0x080016b2                SVC_Handler
 .text.DebugMon_Handler
                0x080016b4        0x2 build/stm32f1xx_it.o
                0x080016b4                DebugMon_Handler
 .text.PendSV_Handler
                0x080016b6        0x2 build/stm32f1xx_it.o
                0x080016b6                PendSV_Handler
 .text.SysTick_Handler
                0x080016b8        0x8 build/stm32f1xx_it.o
                0x080016b8                SysTick_Handler
 .text.DMA1_Channel4_IRQHandler
                0x080016c0       0x10 build/stm32f1xx_it.o
                0x080016c0                DMA1_Channel4_IRQHandler
 .text.DMA1_Channel5_IRQHandler
                0x080016d0       0x10 build/stm32f1xx_it.o
                0x080016d0                DMA1_Channel5_IRQHandler
 .text.DMA1_Channel6_IRQHandler
                0x080016e0       0x10 build/stm32f1xx_it.o
                0x080016e0                DMA1_Channel6_IRQHandler
 .text.TIM1_BRK_IRQHandler
                0x080016f0       0x10 build/stm32f1xx_it.o
                0x080016f0                TIM1_BRK_IRQHandler
 .text.TIM1_UP_IRQHandler
                0x08001700       0x10 build/stm32f1xx_it.o
                0x08001700                TIM1_UP_IRQHandler
 .text.TIM1_TRG_COM_IRQHandler
                0x08001710       0x10 build/stm32f1xx_it.o
                0x08001710                TIM1_TRG_COM_IRQHandler
 .text.TIM1_CC_IRQHandler
                0x08001720       0x10 build/stm32f1xx_it.o
                0x08001720                TIM1_CC_IRQHandler
 .text.I2C1_EV_IRQHandler
                0x08001730       0x10 build/stm32f1xx_it.o
                0x08001730                I2C1_EV_IRQHandler
 .text.I2C1_ER_IRQHandler
                0x08001740       0x10 build/stm32f1xx_it.o
                0x08001740                I2C1_ER_IRQHandler
 .text.USART1_IRQHandler
                0x08001750       0x10 build/stm32f1xx_it.o
                0x08001750                USART1_IRQHandler
 .text.HAL_MspInit
                0x08001760       0x44 build/stm32f1xx_hal_msp.o
                0x08001760                HAL_MspInit
 .text.I2C_Master_SB
                0x080017a4       0xa8 build/stm32f1xx_hal_i2c.o
 .text.I2C_Master_ADD10
                0x0800184c       0x2a build/stm32f1xx_hal_i2c.o
 .text.I2C_Master_ADDR
                0x08001876      0x216 build/stm32f1xx_hal_i2c.o
 .text.I2C_SlaveTransmit_BTF
                0x08001a8c       0x20 build/stm32f1xx_hal_i2c.o
 .text.I2C_SlaveReceive_BTF
                0x08001aac       0x20 build/stm32f1xx_hal_i2c.o
 .text.I2C_WaitOnSTOPRequestThroughIT
                0x08001acc       0x48 build/stm32f1xx_hal_i2c.o
 .text.I2C_ConvertOtherXferOptions
                0x08001b14       0x1e build/stm32f1xx_hal_i2c.o
 *fill*         0x08001b32        0x2 
 .text.HAL_I2C_Init
                0x08001b34      0x1bc build/stm32f1xx_hal_i2c.o
                0x08001b34                HAL_I2C_Init
 .text.HAL_I2C_MasterTxCpltCallback
                0x08001cf0        0x2 build/stm32f1xx_hal_i2c.o
                0x08001cf0                HAL_I2C_MasterTxCpltCallback
 .text.HAL_I2C_MasterRxCpltCallback
                0x08001cf2        0x2 build/stm32f1xx_hal_i2c.o
                0x08001cf2                HAL_I2C_MasterRxCpltCallback
 .text.HAL_I2C_SlaveTxCpltCallback
                0x08001cf4        0x2 build/stm32f1xx_hal_i2c.o
                0x08001cf4                HAL_I2C_SlaveTxCpltCallback
 .text.I2C_SlaveTransmit_TXE
                0x08001cf6       0x4c build/stm32f1xx_hal_i2c.o
 .text.HAL_I2C_SlaveRxCpltCallback
                0x08001d42        0x2 build/stm32f1xx_hal_i2c.o
                0x08001d42                HAL_I2C_SlaveRxCpltCallback
 .text.I2C_SlaveReceive_RXNE
                0x08001d44       0x4c build/stm32f1xx_hal_i2c.o
 .text.HAL_I2C_AddrCallback
                0x08001d90        0x2 build/stm32f1xx_hal_i2c.o
                0x08001d90                HAL_I2C_AddrCallback
 .text.I2C_Slave_ADDR
                0x08001d92       0x5a build/stm32f1xx_hal_i2c.o
 .text.HAL_I2C_ListenCpltCallback
                0x08001dec        0x2 build/stm32f1xx_hal_i2c.o
                0x08001dec                HAL_I2C_ListenCpltCallback
 *fill*         0x08001dee        0x2 
 .text.I2C_Slave_AF
                0x08001df0       0x94 build/stm32f1xx_hal_i2c.o
 .text.HAL_I2C_MemTxCpltCallback
                0x08001e84        0x2 build/stm32f1xx_hal_i2c.o
                0x08001e84                HAL_I2C_MemTxCpltCallback
 .text.I2C_MasterTransmit_BTF
                0x08001e86       0x9e build/stm32f1xx_hal_i2c.o
 .text.I2C_MemoryTransmit_TXE_BTF
                0x08001f24       0xbe build/stm32f1xx_hal_i2c.o
 .text.I2C_MasterTransmit_TXE
                0x08001fe2       0xd0 build/stm32f1xx_hal_i2c.o
 .text.HAL_I2C_MemRxCpltCallback
                0x080020b2        0x2 build/stm32f1xx_hal_i2c.o
                0x080020b2                HAL_I2C_MemRxCpltCallback
 .text.I2C_MasterReceive_BTF
                0x080020b4      0x128 build/stm32f1xx_hal_i2c.o
 .text.HAL_I2C_ErrorCallback
                0x080021dc        0x2 build/stm32f1xx_hal_i2c.o
                0x080021dc                HAL_I2C_ErrorCallback
 .text.I2C_MasterReceive_RXNE
                0x080021de       0xec build/stm32f1xx_hal_i2c.o
 .text.HAL_I2C_AbortCpltCallback
                0x080022ca        0x2 build/stm32f1xx_hal_i2c.o
                0x080022ca                HAL_I2C_AbortCpltCallback
 .text.I2C_DMAAbort
                0x080022cc       0xe4 build/stm32f1xx_hal_i2c.o
 .text.I2C_ITError
                0x080023b0      0x174 build/stm32f1xx_hal_i2c.o
 .text.I2C_Slave_STOPF
                0x08002524      0x18c build/stm32f1xx_hal_i2c.o
 .text.HAL_I2C_EV_IRQHandler
                0x080026b0      0x1a0 build/stm32f1xx_hal_i2c.o
                0x080026b0                HAL_I2C_EV_IRQHandler
 .text.HAL_I2C_ER_IRQHandler
                0x08002850       0xce build/stm32f1xx_hal_i2c.o
                0x08002850                HAL_I2C_ER_IRQHandler
 *fill*         0x0800291e        0x2 
 .text.HAL_InitTick
                0x08002920       0x4c build/stm32f1xx_hal.o
                0x08002920                HAL_InitTick
 .text.HAL_Init
                0x0800296c       0x24 build/stm32f1xx_hal.o
                0x0800296c                HAL_Init
 .text.HAL_IncTick
                0x08002990       0x18 build/stm32f1xx_hal.o
                0x08002990                HAL_IncTick
 .text.HAL_GetTick
                0x080029a8        0xc build/stm32f1xx_hal.o
                0x080029a8                HAL_GetTick
 .text.HAL_Delay
                0x080029b4       0x28 build/stm32f1xx_hal.o
                0x080029b4                HAL_Delay
 .text.RCC_Delay
                0x080029dc       0x2c build/stm32f1xx_hal_rcc.o
 .text.HAL_RCC_OscConfig
                0x08002a08      0x410 build/stm32f1xx_hal_rcc.o
                0x08002a08                HAL_RCC_OscConfig
 .text.HAL_RCC_GetSysClockFreq
                0x08002e18       0x70 build/stm32f1xx_hal_rcc.o
                0x08002e18                HAL_RCC_GetSysClockFreq
 .text.HAL_RCC_ClockConfig
                0x08002e88      0x16c build/stm32f1xx_hal_rcc.o
                0x08002e88                HAL_RCC_ClockConfig
 .text.HAL_RCC_GetHCLKFreq
                0x08002ff4        0xc build/stm32f1xx_hal_rcc.o
                0x08002ff4                HAL_RCC_GetHCLKFreq
 .text.HAL_RCC_GetPCLK1Freq
                0x08003000       0x20 build/stm32f1xx_hal_rcc.o
                0x08003000                HAL_RCC_GetPCLK1Freq
 .text.HAL_RCC_GetPCLK2Freq
                0x08003020       0x20 build/stm32f1xx_hal_rcc.o
                0x08003020                HAL_RCC_GetPCLK2Freq
 .text.HAL_GPIO_Init
                0x08003040      0x224 build/stm32f1xx_hal_gpio.o
                0x08003040                HAL_GPIO_Init
 .text.HAL_GPIO_ReadPin
                0x08003264        0xe build/stm32f1xx_hal_gpio.o
                0x08003264                HAL_GPIO_ReadPin
 .text.HAL_GPIO_WritePin
                0x08003272        0xc build/stm32f1xx_hal_gpio.o
                0x08003272                HAL_GPIO_WritePin
 .text.HAL_GPIO_TogglePin
                0x0800327e       0x12 build/stm32f1xx_hal_gpio.o
                0x0800327e                HAL_GPIO_TogglePin
 .text.DMA_SetConfig
                0x08003290       0x2c build/stm32f1xx_hal_dma.o
 .text.HAL_DMA_Init
                0x080032bc       0x6c build/stm32f1xx_hal_dma.o
                0x080032bc                HAL_DMA_Init
 .text.HAL_DMA_Start_IT
                0x08003328       0x74 build/stm32f1xx_hal_dma.o
                0x08003328                HAL_DMA_Start_IT
 .text.HAL_DMA_Abort
                0x0800339c       0x44 build/stm32f1xx_hal_dma.o
                0x0800339c                HAL_DMA_Abort
 .text.HAL_DMA_Abort_IT
                0x080033e0       0x98 build/stm32f1xx_hal_dma.o
                0x080033e0                HAL_DMA_Abort_IT
 .text.HAL_DMA_IRQHandler
                0x08003478      0x144 build/stm32f1xx_hal_dma.o
                0x08003478                HAL_DMA_IRQHandler
 .text.HAL_DMA_GetState
                0x080035bc        0x6 build/stm32f1xx_hal_dma.o
                0x080035bc                HAL_DMA_GetState
 *fill*         0x080035c2        0x2 
 .text.HAL_NVIC_SetPriorityGrouping
                0x080035c4       0x24 build/stm32f1xx_hal_cortex.o
                0x080035c4                HAL_NVIC_SetPriorityGrouping
 .text.HAL_NVIC_SetPriority
                0x080035e8       0x70 build/stm32f1xx_hal_cortex.o
                0x080035e8                HAL_NVIC_SetPriority
 .text.HAL_NVIC_EnableIRQ
                0x08003658       0x1c build/stm32f1xx_hal_cortex.o
                0x08003658                HAL_NVIC_EnableIRQ
 .text.HAL_SYSTICK_Config
                0x08003674       0x28 build/stm32f1xx_hal_cortex.o
                0x08003674                HAL_SYSTICK_Config
 .text.TIM_OC1_SetConfig
                0x0800369c       0x5c build/stm32f1xx_hal_tim.o
 .text.TIM_OC3_SetConfig
                0x080036f8       0x64 build/stm32f1xx_hal_tim.o
 .text.TIM_OC4_SetConfig
                0x0800375c       0x48 build/stm32f1xx_hal_tim.o
 .text.TIM_TI1_ConfigInputStage
                0x080037a4       0x24 build/stm32f1xx_hal_tim.o
 .text.TIM_TI2_ConfigInputStage
                0x080037c8       0x26 build/stm32f1xx_hal_tim.o
 .text.TIM_ITRx_SetConfig
                0x080037ee       0x10 build/stm32f1xx_hal_tim.o
 *fill*         0x080037fe        0x2 
 .text.HAL_TIM_Base_Start_IT
                0x08003800       0x68 build/stm32f1xx_hal_tim.o
                0x08003800                HAL_TIM_Base_Start_IT
 .text.HAL_TIM_PWM_MspInit
                0x08003868        0x2 build/stm32f1xx_hal_tim.o
                0x08003868                HAL_TIM_PWM_MspInit
 .text.HAL_TIM_OC_DelayElapsedCallback
                0x0800386a        0x2 build/stm32f1xx_hal_tim.o
                0x0800386a                HAL_TIM_OC_DelayElapsedCallback
 .text.HAL_TIM_IC_CaptureCallback
                0x0800386c        0x2 build/stm32f1xx_hal_tim.o
                0x0800386c                HAL_TIM_IC_CaptureCallback
 .text.HAL_TIM_PWM_PulseFinishedCallback
                0x0800386e        0x2 build/stm32f1xx_hal_tim.o
                0x0800386e                HAL_TIM_PWM_PulseFinishedCallback
 .text.HAL_TIM_TriggerCallback
                0x08003870        0x2 build/stm32f1xx_hal_tim.o
                0x08003870                HAL_TIM_TriggerCallback
 .text.HAL_TIM_IRQHandler
                0x08003872      0x17a build/stm32f1xx_hal_tim.o
                0x08003872                HAL_TIM_IRQHandler
 .text.TIM_Base_SetConfig
                0x080039ec       0x74 build/stm32f1xx_hal_tim.o
                0x080039ec                TIM_Base_SetConfig
 .text.HAL_TIM_Base_Init
                0x08003a60       0x58 build/stm32f1xx_hal_tim.o
                0x08003a60                HAL_TIM_Base_Init
 .text.HAL_TIM_PWM_Init
                0x08003ab8       0x58 build/stm32f1xx_hal_tim.o
                0x08003ab8                HAL_TIM_PWM_Init
 .text.TIM_OC2_SetConfig
                0x08003b10       0x64 build/stm32f1xx_hal_tim.o
                0x08003b10                TIM_OC2_SetConfig
 .text.HAL_TIM_PWM_ConfigChannel
                0x08003b74       0xd0 build/stm32f1xx_hal_tim.o
                0x08003b74                HAL_TIM_PWM_ConfigChannel
 .text.TIM_ETR_SetConfig
                0x08003c44       0x18 build/stm32f1xx_hal_tim.o
                0x08003c44                TIM_ETR_SetConfig
 .text.HAL_TIM_ConfigClockSource
                0x08003c5c       0xda build/stm32f1xx_hal_tim.o
                0x08003c5c                HAL_TIM_ConfigClockSource
 .text.TIM_CCxChannelCmd
                0x08003d36       0x1e build/stm32f1xx_hal_tim.o
                0x08003d36                TIM_CCxChannelCmd
 .text.HAL_TIM_PWM_Start
                0x08003d54       0xdc build/stm32f1xx_hal_tim.o
                0x08003d54                HAL_TIM_PWM_Start
 .text.HAL_TIMEx_MasterConfigSynchronization
                0x08003e30       0x6c build/stm32f1xx_hal_tim_ex.o
                0x08003e30                HAL_TIMEx_MasterConfigSynchronization
 .text.HAL_TIMEx_CommutCallback
                0x08003e9c        0x2 build/stm32f1xx_hal_tim_ex.o
                0x08003e9c                HAL_TIMEx_CommutCallback
 .text.HAL_TIMEx_BreakCallback
                0x08003e9e        0x2 build/stm32f1xx_hal_tim_ex.o
                0x08003e9e                HAL_TIMEx_BreakCallback
 .text.UART_EndTxTransfer
                0x08003ea0       0x12 build/stm32f1xx_hal_uart.o
 .text.UART_EndRxTransfer
                0x08003eb2       0x32 build/stm32f1xx_hal_uart.o
 .text.UART_Transmit_IT
                0x08003ee4       0x60 build/stm32f1xx_hal_uart.o
 .text.UART_SetConfig
                0x08003f44       0x94 build/stm32f1xx_hal_uart.o
 .text.UART_WaitOnFlagUntilTimeout
                0x08003fd8       0x6c build/stm32f1xx_hal_uart.o
 .text.HAL_UART_Init
                0x08004044       0x5e build/stm32f1xx_hal_uart.o
                0x08004044                HAL_UART_Init
 .text.HAL_UART_Transmit
                0x080040a2       0xd8 build/stm32f1xx_hal_uart.o
                0x080040a2                HAL_UART_Transmit
 .text.HAL_UART_TxCpltCallback
                0x0800417a        0x2 build/stm32f1xx_hal_uart.o
                0x0800417a                HAL_UART_TxCpltCallback
 .text.UART_EndTransmit_IT
                0x0800417c       0x1a build/stm32f1xx_hal_uart.o
 .text.HAL_UART_RxCpltCallback
                0x08004196        0x2 build/stm32f1xx_hal_uart.o
                0x08004196                HAL_UART_RxCpltCallback
 .text.HAL_UART_RxHalfCpltCallback
                0x08004198        0x2 build/stm32f1xx_hal_uart.o
                0x08004198                HAL_UART_RxHalfCpltCallback
 .text.HAL_UART_ErrorCallback
                0x0800419a        0x2 build/stm32f1xx_hal_uart.o
                0x0800419a                HAL_UART_ErrorCallback
 .text.UART_DMAError
                0x0800419c       0x58 build/stm32f1xx_hal_uart.o
 .text.UART_DMAAbortOnError
                0x080041f4       0x10 build/stm32f1xx_hal_uart.o
 .text.UART_Receive_IT
                0x08004204       0xd4 build/stm32f1xx_hal_uart.o
 .text.HAL_UART_IRQHandler
                0x080042d8      0x204 build/stm32f1xx_hal_uart.o
                0x080042d8                HAL_UART_IRQHandler
 .text.UART_DMARxHalfCplt
                0x080044dc       0x1a build/stm32f1xx_hal_uart.o
 .text.UART_DMAReceiveCplt
                0x080044f6       0x5e build/stm32f1xx_hal_uart.o
 .text.UART_Start_Receive_DMA
                0x08004554       0x78 build/stm32f1xx_hal_uart.o
                0x08004554                UART_Start_Receive_DMA
 .text.HAL_UARTEx_ReceiveToIdle_DMA
                0x080045cc       0x60 build/stm32f1xx_hal_uart.o
                0x080045cc                HAL_UARTEx_ReceiveToIdle_DMA
 .text.SystemInit
                0x0800462c        0x2 build/system_stm32f1xx.o
                0x0800462c                SystemInit
 *fill*         0x0800462e        0x2 
 .text.led_proc
                0x08004630       0xc4 build/console.o
                0x08004630                led_proc
 .text.pwm_proc
                0x080046f4       0x84 build/console.o
                0x080046f4                pwm_proc
 .text.config_proc
                0x08004778       0x88 build/console.o
                0x08004778                config_proc
 .text.list_proc
                0x08004800       0x28 build/console.o
                0x08004800                list_proc
 .text.split_string
                0x08004828       0x30 build/console.o
                0x08004828                split_string
 .text.shell_proc
                0x08004858       0x88 build/console.o
                0x08004858                shell_proc
 .text.HAL_TIM_PeriodElapsedCallback
                0x080048e0       0x1c build/m_tim.o
                0x080048e0                HAL_TIM_PeriodElapsedCallback
 .text.HAL_Delay_us_init
                0x080048fc       0x10 build/m_tim.o
                0x080048fc                HAL_Delay_us_init
 .text.fifo_s_init
                0x0800490c       0x18 build/fifo.o
                0x0800490c                fifo_s_init
 .text.fifo_s_puts
                0x08004924       0x7c build/fifo.o
                0x08004924                fifo_s_puts
 .text.fifo_s_gets
                0x080049a0       0x82 build/fifo.o
                0x080049a0                fifo_s_gets
 .text.fifo_s_isempty
                0x08004a22        0xa build/fifo.o
                0x08004a22                fifo_s_isempty
 .text.fifo_s_used
                0x08004a2c        0x4 build/fifo.o
                0x08004a2c                fifo_s_used
 .text.led_write
                0x08004a30       0x48 build/led.o
                0x08004a30                led_write
 .text.led_toggle
                0x08004a78       0x40 build/led.o
                0x08004a78                led_toggle
 .text.led_init
                0x08004ab8       0x2c build/led.o
                0x08004ab8                led_init
 .text.I2C_WriteByte
                0x08004ae4       0x1c build/oled.o
                0x08004ae4                I2C_WriteByte
 .text.WriteCmd
                0x08004b00        0xc build/oled.o
                0x08004b00                WriteCmd
 .text.WriteDat
                0x08004b0c        0xc build/oled.o
                0x08004b0c                WriteDat
 .text.OLED_SetPos
                0x08004b18       0x26 build/oled.o
                0x08004b18                OLED_SetPos
 *fill*         0x08004b3e        0x2 
 .text.OLED_ShowStr
                0x08004b40       0xd8 build/oled.o
                0x08004b40                OLED_ShowStr
 .text.OLED_Clear
                0x08004c18       0x3a build/oled.o
                0x08004c18                OLED_Clear
 .text.OLED_Init
                0x08004c52       0xb6 build/oled.o
                0x08004c52                OLED_Init
 .text.pwm_init
                0x08004d08       0x34 build/pwm.o
                0x08004d08                pwm_init
 .text.pwm_freq
                0x08004d3c       0x4c build/pwm.o
                0x08004d3c                pwm_freq
 .text.pwm_duty
                0x08004d88       0x28 build/pwm.o
                0x08004d88                pwm_duty
 .text.pwm_help
                0x08004db0       0x50 build/pwm.o
                0x08004db0                pwm_help
 .text.SetSCLPin
                0x08004e00       0x28 build/soft_i2c_stm32.o
                0x08004e00                SetSCLPin
 .text.SetSDAPin
                0x08004e28       0x28 build/soft_i2c_stm32.o
                0x08004e28                SetSDAPin
 .text.ReadSDAPin
                0x08004e50       0x14 build/soft_i2c_stm32.o
                0x08004e50                ReadSDAPin
 .text.Soft_I2CStart
                0x08004e64       0x1c build/soft_i2c.o
 .text.SendByteBySoft_I2C
                0x08004e80       0x3c build/soft_i2c.o
 .text.Soft_I2CStop
                0x08004ebc       0x1c build/soft_i2c.o
 .text.Soft_I2CWaitAck
                0x08004ed8       0x30 build/soft_i2c.o
 .text.Soft_I2C_Init
                0x08004f08       0x10 build/soft_i2c.o
                0x08004f08                Soft_I2C_Init
 .text.WriteDataBySoft_I2C
                0x08004f18       0x4a build/soft_i2c.o
                0x08004f18                WriteDataBySoft_I2C
 *fill*         0x08004f62        0x2 
 .text.__io_putchar
                0x08004f64       0x20 build/uart_redirect.o
                0x08004f64                __io_putchar
 .text._write   0x08004f84       0x1c build/uart_redirect.o
                0x08004f84                _write
 .text.Reset_Handler
                0x08004fa0       0x48 build/startup_stm32f103xb.o
                0x08004fa0                Reset_Handler
 .text.Default_Handler
                0x08004fe8        0x2 build/startup_stm32f103xb.o
                0x08004fe8                RTC_Alarm_IRQHandler
                0x08004fe8                EXTI2_IRQHandler
                0x08004fe8                PVD_IRQHandler
                0x08004fe8                EXTI3_IRQHandler
                0x08004fe8                EXTI0_IRQHandler
                0x08004fe8                I2C2_EV_IRQHandler
                0x08004fe8                ADC1_2_IRQHandler
                0x08004fe8                SPI1_IRQHandler
                0x08004fe8                TAMPER_IRQHandler
                0x08004fe8                USART3_IRQHandler
                0x08004fe8                RTC_IRQHandler
                0x08004fe8                DMA1_Channel7_IRQHandler
                0x08004fe8                CAN1_RX1_IRQHandler
                0x08004fe8                TIM4_IRQHandler
                0x08004fe8                TIM3_IRQHandler
                0x08004fe8                RCC_IRQHandler
                0x08004fe8                DMA1_Channel1_IRQHandler
                0x08004fe8                Default_Handler
                0x08004fe8                EXTI15_10_IRQHandler
                0x08004fe8                EXTI9_5_IRQHandler
                0x08004fe8                SPI2_IRQHandler
                0x08004fe8                EXTI4_IRQHandler
                0x08004fe8                USB_LP_CAN1_RX0_IRQHandler
                0x08004fe8                USB_HP_CAN1_TX_IRQHandler
                0x08004fe8                DMA1_Channel3_IRQHandler
                0x08004fe8                WWDG_IRQHandler
                0x08004fe8                TIM2_IRQHandler
                0x08004fe8                EXTI1_IRQHandler
                0x08004fe8                USART2_IRQHandler
                0x08004fe8                I2C2_ER_IRQHandler
                0x08004fe8                DMA1_Channel2_IRQHandler
                0x08004fe8                CAN1_SCE_IRQHandler
                0x08004fe8                FLASH_IRQHandler
                0x08004fe8                USBWakeUp_IRQHandler
 *fill*         0x08004fea        0x2 
 .text.atoi     0x08004fec        0x8 c:/tool/gcc-arm/bin/../lib/gcc/arm-none-eabi/10.3.1/../../../../arm-none-eabi/lib/thumb/v7-m/nofp\libc.a(lib_a-atoi.o)
                0x08004fec                atoi
 .text.__libc_init_array
                0x08004ff4       0x48 c:/tool/gcc-arm/bin/../lib/gcc/arm-none-eabi/10.3.1/../../../../arm-none-eabi/lib/thumb/v7-m/nofp\libc.a(lib_a-init.o)
                0x08004ff4                __libc_init_array
 .text.malloc   0x0800503c       0x10 c:/tool/gcc-arm/bin/../lib/gcc/arm-none-eabi/10.3.1/../../../../arm-none-eabi/lib/thumb/v7-m/nofp\libc.a(lib_a-malloc.o)
                0x0800503c                malloc
 .text._malloc_r
                0x0800504c      0x558 c:/tool/gcc-arm/bin/../lib/gcc/arm-none-eabi/10.3.1/../../../../arm-none-eabi/lib/thumb/v7-m/nofp\libc.a(lib_a-mallocr.o)
                0x0800504c                _malloc_r
 .text.memset   0x080055a4       0xa4 c:/tool/gcc-arm/bin/../lib/gcc/arm-none-eabi/10.3.1/../../../../arm-none-eabi/lib/thumb/v7-m/nofp\libc.a(lib_a-memset.o)
                0x080055a4                memset
 .text.__malloc_lock
                0x08005648        0xc c:/tool/gcc-arm/bin/../lib/gcc/arm-none-eabi/10.3.1/../../../../arm-none-eabi/lib/thumb/v7-m/nofp\libc.a(lib_a-mlock.o)
                0x08005648                __malloc_lock
 .text.__malloc_unlock
                0x08005654        0xc c:/tool/gcc-arm/bin/../lib/gcc/arm-none-eabi/10.3.1/../../../../arm-none-eabi/lib/thumb/v7-m/nofp\libc.a(lib_a-mlock.o)
                0x08005654                __malloc_unlock
 .text.printf   0x08005660       0x28 c:/tool/gcc-arm/bin/../lib/gcc/arm-none-eabi/10.3.1/../../../../arm-none-eabi/lib/thumb/v7-m/nofp\libc.a(lib_a-printf.o)
                0x08005660                printf
 .text.putchar  0x08005688       0x10 c:/tool/gcc-arm/bin/../lib/gcc/arm-none-eabi/10.3.1/../../../../arm-none-eabi/lib/thumb/v7-m/nofp\libc.a(lib_a-putchar.o)
                0x08005688                putchar
 .text._puts_r  0x08005698       0x9c c:/tool/gcc-arm/bin/../lib/gcc/arm-none-eabi/10.3.1/../../../../arm-none-eabi/lib/thumb/v7-m/nofp\libc.a(lib_a-puts.o)
                0x08005698                _puts_r
 .text.puts     0x08005734       0x10 c:/tool/gcc-arm/bin/../lib/gcc/arm-none-eabi/10.3.1/../../../../arm-none-eabi/lib/thumb/v7-m/nofp\libc.a(lib_a-puts.o)
                0x08005734                puts
 .text._sbrk_r  0x08005744       0x24 c:/tool/gcc-arm/bin/../lib/gcc/arm-none-eabi/10.3.1/../../../../arm-none-eabi/lib/thumb/v7-m/nofp\libc.a(lib_a-sbrkr.o)
                0x08005744                _sbrk_r
 .text.setbuf   0x08005768       0x10 c:/tool/gcc-arm/bin/../lib/gcc/arm-none-eabi/10.3.1/../../../../arm-none-eabi/lib/thumb/v7-m/nofp\libc.a(lib_a-setbuf.o)
                0x08005768                setbuf
 .text.setvbuf  0x08005778      0x1b0 c:/tool/gcc-arm/bin/../lib/gcc/arm-none-eabi/10.3.1/../../../../arm-none-eabi/lib/thumb/v7-m/nofp\libc.a(lib_a-setvbuf.o)
                0x08005778                setvbuf
 .text.strcat   0x08005928       0x40 c:/tool/gcc-arm/bin/../lib/gcc/arm-none-eabi/10.3.1/../../../../arm-none-eabi/lib/thumb/v7-m/nofp\libc.a(lib_a-strcat.o)
                0x08005928                strcat
 .text.strcpy   0x08005968       0xbc c:/tool/gcc-arm/bin/../lib/gcc/arm-none-eabi/10.3.1/../../../../arm-none-eabi/lib/thumb/v7-m/nofp\libc.a(lib_a-strcpy.o)
                0x08005968                strcpy
 .text.strlen   0x08005a24       0x5c c:/tool/gcc-arm/bin/../lib/gcc/arm-none-eabi/10.3.1/../../../../arm-none-eabi/lib/thumb/v7-m/nofp\libc.a(lib_a-strlen-stub.o)
                0x08005a24                strlen
 .text.two_way_long_needle
                0x08005a80      0x2b8 c:/tool/gcc-arm/bin/../lib/gcc/arm-none-eabi/10.3.1/../../../../arm-none-eabi/lib/thumb/v7-m/nofp\libc.a(lib_a-strstr.o)
 .text.strstr   0x08005d38      0x168 c:/tool/gcc-arm/bin/../lib/gcc/arm-none-eabi/10.3.1/../../../../arm-none-eabi/lib/thumb/v7-m/nofp\libc.a(lib_a-strstr.o)
                0x08005d38                strstr
 .text.strtok   0x08005ea0       0x10 c:/tool/gcc-arm/bin/../lib/gcc/arm-none-eabi/10.3.1/../../../../arm-none-eabi/lib/thumb/v7-m/nofp\libc.a(lib_a-strtok.o)
                0x08005ea0                strtok
 .text.__strtok_r
                0x08005eb0       0x68 c:/tool/gcc-arm/bin/../lib/gcc/arm-none-eabi/10.3.1/../../../../arm-none-eabi/lib/thumb/v7-m/nofp\libc.a(lib_a-strtok_r.o)
                0x08005eb0                __strtok_r
 .text._strtol_l.part.0
                0x08005f18      0x120 c:/tool/gcc-arm/bin/../lib/gcc/arm-none-eabi/10.3.1/../../../../arm-none-eabi/lib/thumb/v7-m/nofp\libc.a(lib_a-strtol.o)
 .text.strtol   0x08006038       0x2c c:/tool/gcc-arm/bin/../lib/gcc/arm-none-eabi/10.3.1/../../../../arm-none-eabi/lib/thumb/v7-m/nofp\libc.a(lib_a-strtol.o)
                0x08006038                strtol
 .text._vfprintf_r
                0x08006064     0x1b58 c:/tool/gcc-arm/bin/../lib/gcc/arm-none-eabi/10.3.1/../../../../arm-none-eabi/lib/thumb/v7-m/nofp\libc.a(lib_a-vfprintf.o)
                0x08006064                _vfprintf_r
 .text.__sbprintf
                0x08007bbc       0x84 c:/tool/gcc-arm/bin/../lib/gcc/arm-none-eabi/10.3.1/../../../../arm-none-eabi/lib/thumb/v7-m/nofp\libc.a(lib_a-vfprintf.o)
 .text.__swsetup_r
                0x08007c40       0xd4 c:/tool/gcc-arm/bin/../lib/gcc/arm-none-eabi/10.3.1/../../../../arm-none-eabi/lib/thumb/v7-m/nofp\libc.a(lib_a-wsetup.o)
                0x08007c40                __swsetup_r
 .text.startup.register_fini
                0x08007d14       0x14 c:/tool/gcc-arm/bin/../lib/gcc/arm-none-eabi/10.3.1/../../../../arm-none-eabi/lib/thumb/v7-m/nofp\libc.a(lib_a-__call_atexit.o)
 .text.atexit   0x08007d28        0xc c:/tool/gcc-arm/bin/../lib/gcc/arm-none-eabi/10.3.1/../../../../arm-none-eabi/lib/thumb/v7-m/nofp\libc.a(lib_a-atexit.o)
                0x08007d28                atexit
 .text.quorem   0x08007d34      0x12c c:/tool/gcc-arm/bin/../lib/gcc/arm-none-eabi/10.3.1/../../../../arm-none-eabi/lib/thumb/v7-m/nofp\libc.a(lib_a-dtoa.o)
 .text._dtoa_r  0x08007e60      0xecc c:/tool/gcc-arm/bin/../lib/gcc/arm-none-eabi/10.3.1/../../../../arm-none-eabi/lib/thumb/v7-m/nofp\libc.a(lib_a-dtoa.o)
                0x08007e60                _dtoa_r
 .text.__errno  0x08008d2c        0xc c:/tool/gcc-arm/bin/../lib/gcc/arm-none-eabi/10.3.1/../../../../arm-none-eabi/lib/thumb/v7-m/nofp\libc.a(lib_a-errno.o)
                0x08008d2c                __errno
 .text.__sflush_r
                0x08008d38      0x124 c:/tool/gcc-arm/bin/../lib/gcc/arm-none-eabi/10.3.1/../../../../arm-none-eabi/lib/thumb/v7-m/nofp\libc.a(lib_a-fflush.o)
                0x08008d38                __sflush_r
 .text._fflush_r
                0x08008e5c       0x5c c:/tool/gcc-arm/bin/../lib/gcc/arm-none-eabi/10.3.1/../../../../arm-none-eabi/lib/thumb/v7-m/nofp\libc.a(lib_a-fflush.o)
                0x08008e5c                _fflush_r
 .text._cleanup_r
                0x08008eb8        0xc c:/tool/gcc-arm/bin/../lib/gcc/arm-none-eabi/10.3.1/../../../../arm-none-eabi/lib/thumb/v7-m/nofp\libc.a(lib_a-findfp.o)
                0x08008eb8                _cleanup_r
 .text.__sinit  0x08008ec4      0x10c c:/tool/gcc-arm/bin/../lib/gcc/arm-none-eabi/10.3.1/../../../../arm-none-eabi/lib/thumb/v7-m/nofp\libc.a(lib_a-findfp.o)
                0x08008ec4                __sinit
 .text.__sfp_lock_acquire
                0x08008fd0        0xc c:/tool/gcc-arm/bin/../lib/gcc/arm-none-eabi/10.3.1/../../../../arm-none-eabi/lib/thumb/v7-m/nofp\libc.a(lib_a-findfp.o)
                0x08008fd0                __sfp_lock_acquire
 .text.__sfp_lock_release
                0x08008fdc        0xc c:/tool/gcc-arm/bin/../lib/gcc/arm-none-eabi/10.3.1/../../../../arm-none-eabi/lib/thumb/v7-m/nofp\libc.a(lib_a-findfp.o)
                0x08008fdc                __sfp_lock_release
 .text.__libc_fini_array
                0x08008fe8       0x2c c:/tool/gcc-arm/bin/../lib/gcc/arm-none-eabi/10.3.1/../../../../arm-none-eabi/lib/thumb/v7-m/nofp\libc.a(lib_a-fini.o)
                0x08008fe8                __libc_fini_array
 .text._malloc_trim_r
                0x08009014       0xa0 c:/tool/gcc-arm/bin/../lib/gcc/arm-none-eabi/10.3.1/../../../../arm-none-eabi/lib/thumb/v7-m/nofp\libc.a(lib_a-freer.o)
                0x08009014                _malloc_trim_r
 .text._free_r  0x080090b4      0x200 c:/tool/gcc-arm/bin/../lib/gcc/arm-none-eabi/10.3.1/../../../../arm-none-eabi/lib/thumb/v7-m/nofp\libc.a(lib_a-freer.o)
                0x080090b4                _free_r
 .text.__sfvwrite_r
                0x080092b4      0x2f0 c:/tool/gcc-arm/bin/../lib/gcc/arm-none-eabi/10.3.1/../../../../arm-none-eabi/lib/thumb/v7-m/nofp\libc.a(lib_a-fvwrite.o)
                0x080092b4                __sfvwrite_r
 .text._fwalk_reent
                0x080095a4       0x48 c:/tool/gcc-arm/bin/../lib/gcc/arm-none-eabi/10.3.1/../../../../arm-none-eabi/lib/thumb/v7-m/nofp\libc.a(lib_a-fwalk.o)
                0x080095a4                _fwalk_reent
 .text._localeconv_r
                0x080095ec        0x8 c:/tool/gcc-arm/bin/../lib/gcc/arm-none-eabi/10.3.1/../../../../arm-none-eabi/lib/thumb/v7-m/nofp\libc.a(lib_a-localeconv.o)
                0x080095ec                _localeconv_r
 .text.__retarget_lock_init_recursive
                0x080095f4        0x4 c:/tool/gcc-arm/bin/../lib/gcc/arm-none-eabi/10.3.1/../../../../arm-none-eabi/lib/thumb/v7-m/nofp\libc.a(lib_a-lock.o)
                0x080095f4                __retarget_lock_init_recursive
 .text.__retarget_lock_close_recursive
                0x080095f8        0x4 c:/tool/gcc-arm/bin/../lib/gcc/arm-none-eabi/10.3.1/../../../../arm-none-eabi/lib/thumb/v7-m/nofp\libc.a(lib_a-lock.o)
                0x080095f8                __retarget_lock_close_recursive
 .text.__retarget_lock_acquire_recursive
                0x080095fc        0x4 c:/tool/gcc-arm/bin/../lib/gcc/arm-none-eabi/10.3.1/../../../../arm-none-eabi/lib/thumb/v7-m/nofp\libc.a(lib_a-lock.o)
                0x080095fc                __retarget_lock_acquire_recursive
 .text.__retarget_lock_release_recursive
                0x08009600        0x4 c:/tool/gcc-arm/bin/../lib/gcc/arm-none-eabi/10.3.1/../../../../arm-none-eabi/lib/thumb/v7-m/nofp\libc.a(lib_a-lock.o)
                0x08009600                __retarget_lock_release_recursive
 .text.__smakebuf_r
                0x08009604       0xe0 c:/tool/gcc-arm/bin/../lib/gcc/arm-none-eabi/10.3.1/../../../../arm-none-eabi/lib/thumb/v7-m/nofp\libc.a(lib_a-makebuf.o)
                0x08009604                __smakebuf_r
 .text.__swhatbuf_r
                0x080096e4       0x60 c:/tool/gcc-arm/bin/../lib/gcc/arm-none-eabi/10.3.1/../../../../arm-none-eabi/lib/thumb/v7-m/nofp\libc.a(lib_a-makebuf.o)
                0x080096e4                __swhatbuf_r
 .text.memchr   0x08009744       0x90 c:/tool/gcc-arm/bin/../lib/gcc/arm-none-eabi/10.3.1/../../../../arm-none-eabi/lib/thumb/v7-m/nofp\libc.a(lib_a-memchr-stub.o)
                0x08009744                memchr
 .text.memcmp   0x080097d4       0x68 c:/tool/gcc-arm/bin/../lib/gcc/arm-none-eabi/10.3.1/../../../../arm-none-eabi/lib/thumb/v7-m/nofp\libc.a(lib_a-memcmp.o)
                0x080097d4                memcmp
 .text.memmove  0x0800983c       0xf8 c:/tool/gcc-arm/bin/../lib/gcc/arm-none-eabi/10.3.1/../../../../arm-none-eabi/lib/thumb/v7-m/nofp\libc.a(lib_a-memmove.o)
                0x0800983c                memmove
 .text._Balloc  0x08009934       0x4c c:/tool/gcc-arm/bin/../lib/gcc/arm-none-eabi/10.3.1/../../../../arm-none-eabi/lib/thumb/v7-m/nofp\libc.a(lib_a-mprec.o)
                0x08009934                _Balloc
 .text._Bfree   0x08009980       0x14 c:/tool/gcc-arm/bin/../lib/gcc/arm-none-eabi/10.3.1/../../../../arm-none-eabi/lib/thumb/v7-m/nofp\libc.a(lib_a-mprec.o)
                0x08009980                _Bfree
 .text.__multadd
                0x08009994       0xa4 c:/tool/gcc-arm/bin/../lib/gcc/arm-none-eabi/10.3.1/../../../../arm-none-eabi/lib/thumb/v7-m/nofp\libc.a(lib_a-mprec.o)
                0x08009994                __multadd
 .text.__hi0bits
                0x08009a38       0x40 c:/tool/gcc-arm/bin/../lib/gcc/arm-none-eabi/10.3.1/../../../../arm-none-eabi/lib/thumb/v7-m/nofp\libc.a(lib_a-mprec.o)
                0x08009a38                __hi0bits
 .text.__lo0bits
                0x08009a78       0x58 c:/tool/gcc-arm/bin/../lib/gcc/arm-none-eabi/10.3.1/../../../../arm-none-eabi/lib/thumb/v7-m/nofp\libc.a(lib_a-mprec.o)
                0x08009a78                __lo0bits
 .text.__i2b    0x08009ad0       0x5c c:/tool/gcc-arm/bin/../lib/gcc/arm-none-eabi/10.3.1/../../../../arm-none-eabi/lib/thumb/v7-m/nofp\libc.a(lib_a-mprec.o)
                0x08009ad0                __i2b
 .text.__multiply
                0x08009b2c      0x15c c:/tool/gcc-arm/bin/../lib/gcc/arm-none-eabi/10.3.1/../../../../arm-none-eabi/lib/thumb/v7-m/nofp\libc.a(lib_a-mprec.o)
                0x08009b2c                __multiply
 .text.__pow5mult
                0x08009c88       0xb8 c:/tool/gcc-arm/bin/../lib/gcc/arm-none-eabi/10.3.1/../../../../arm-none-eabi/lib/thumb/v7-m/nofp\libc.a(lib_a-mprec.o)
                0x08009c88                __pow5mult
 .text.__lshift
                0x08009d40       0xec c:/tool/gcc-arm/bin/../lib/gcc/arm-none-eabi/10.3.1/../../../../arm-none-eabi/lib/thumb/v7-m/nofp\libc.a(lib_a-mprec.o)
                0x08009d40                __lshift
 .text.__mcmp   0x08009e2c       0x40 c:/tool/gcc-arm/bin/../lib/gcc/arm-none-eabi/10.3.1/../../../../arm-none-eabi/lib/thumb/v7-m/nofp\libc.a(lib_a-mprec.o)
                0x08009e2c                __mcmp
 .text.__mdiff  0x08009e6c      0x14c c:/tool/gcc-arm/bin/../lib/gcc/arm-none-eabi/10.3.1/../../../../arm-none-eabi/lib/thumb/v7-m/nofp\libc.a(lib_a-mprec.o)
                0x08009e6c                __mdiff
 .text.__d2b    0x08009fb8       0xc4 c:/tool/gcc-arm/bin/../lib/gcc/arm-none-eabi/10.3.1/../../../../arm-none-eabi/lib/thumb/v7-m/nofp\libc.a(lib_a-mprec.o)
                0x08009fb8                __d2b
 .text._putc_r  0x0800a07c       0x74 c:/tool/gcc-arm/bin/../lib/gcc/arm-none-eabi/10.3.1/../../../../arm-none-eabi/lib/thumb/v7-m/nofp\libc.a(lib_a-putc.o)
                0x0800a07c                _putc_r
 .text._realloc_r
                0x0800a0f0      0x3dc c:/tool/gcc-arm/bin/../lib/gcc/arm-none-eabi/10.3.1/../../../../arm-none-eabi/lib/thumb/v7-m/nofp\libc.a(lib_a-reallocr.o)
                0x0800a0f0                _realloc_r
 .text.frexp    0x0800a4cc       0x70 c:/tool/gcc-arm/bin/../lib/gcc/arm-none-eabi/10.3.1/../../../../arm-none-eabi/lib/thumb/v7-m/nofp\libc.a(lib_a-s_frexp.o)
                0x0800a4cc                frexp
 .text.__sread  0x0800a53c       0x24 c:/tool/gcc-arm/bin/../lib/gcc/arm-none-eabi/10.3.1/../../../../arm-none-eabi/lib/thumb/v7-m/nofp\libc.a(lib_a-stdio.o)
                0x0800a53c                __sread
 .text.__swrite
                0x0800a560       0x40 c:/tool/gcc-arm/bin/../lib/gcc/arm-none-eabi/10.3.1/../../../../arm-none-eabi/lib/thumb/v7-m/nofp\libc.a(lib_a-stdio.o)
                0x0800a560                __swrite
 .text.__sseek  0x0800a5a0       0x20 c:/tool/gcc-arm/bin/../lib/gcc/arm-none-eabi/10.3.1/../../../../arm-none-eabi/lib/thumb/v7-m/nofp\libc.a(lib_a-stdio.o)
                0x0800a5a0                __sseek
 .text.__sclose
                0x0800a5c0        0x8 c:/tool/gcc-arm/bin/../lib/gcc/arm-none-eabi/10.3.1/../../../../arm-none-eabi/lib/thumb/v7-m/nofp\libc.a(lib_a-stdio.o)
                0x0800a5c0                __sclose
 .text.strchr   0x0800a5c8       0xcc c:/tool/gcc-arm/bin/../lib/gcc/arm-none-eabi/10.3.1/../../../../arm-none-eabi/lib/thumb/v7-m/nofp\libc.a(lib_a-strchr.o)
                0x0800a5c8                strchr
 .text.strncpy  0x0800a694       0x68 c:/tool/gcc-arm/bin/../lib/gcc/arm-none-eabi/10.3.1/../../../../arm-none-eabi/lib/thumb/v7-m/nofp\libc.a(lib_a-strncpy.o)
                0x0800a694                strncpy
 .text.strnlen  0x0800a6fc       0x24 c:/tool/gcc-arm/bin/../lib/gcc/arm-none-eabi/10.3.1/../../../../arm-none-eabi/lib/thumb/v7-m/nofp\libc.a(lib_a-strnlen.o)
                0x0800a6fc                strnlen
 .text.__sprint_r.part.0
                0x0800a720       0x78 c:/tool/gcc-arm/bin/../lib/gcc/arm-none-eabi/10.3.1/../../../../arm-none-eabi/lib/thumb/v7-m/nofp\libc.a(lib_a-vfiprintf.o)
 .text.__sprint_r
                0x0800a798       0x14 c:/tool/gcc-arm/bin/../lib/gcc/arm-none-eabi/10.3.1/../../../../arm-none-eabi/lib/thumb/v7-m/nofp\libc.a(lib_a-vfiprintf.o)
                0x0800a798                __sprint_r
 .text._vfiprintf_r
                0x0800a7ac      0xd98 c:/tool/gcc-arm/bin/../lib/gcc/arm-none-eabi/10.3.1/../../../../arm-none-eabi/lib/thumb/v7-m/nofp\libc.a(lib_a-vfiprintf.o)
                0x0800a7ac                _vfiprintf_r
 .text.__sbprintf
                0x0800b544       0x84 c:/tool/gcc-arm/bin/../lib/gcc/arm-none-eabi/10.3.1/../../../../arm-none-eabi/lib/thumb/v7-m/nofp\libc.a(lib_a-vfiprintf.o)
 .text.__swbuf_r
                0x0800b5c8       0xb0 c:/tool/gcc-arm/bin/../lib/gcc/arm-none-eabi/10.3.1/../../../../arm-none-eabi/lib/thumb/v7-m/nofp\libc.a(lib_a-wbuf.o)
                0x0800b5c8                __swbuf_r
 .text._write_r
                0x0800b678       0x2c c:/tool/gcc-arm/bin/../lib/gcc/arm-none-eabi/10.3.1/../../../../arm-none-eabi/lib/thumb/v7-m/nofp\libc.a(lib_a-writer.o)
                0x0800b678                _write_r
 .text.__register_exitproc
                0x0800b6a4       0x8c c:/tool/gcc-arm/bin/../lib/gcc/arm-none-eabi/10.3.1/../../../../arm-none-eabi/lib/thumb/v7-m/nofp\libc.a(lib_a-__atexit.o)
                0x0800b6a4                __register_exitproc
 .text.__assert_func
                0x0800b730       0x40 c:/tool/gcc-arm/bin/../lib/gcc/arm-none-eabi/10.3.1/../../../../arm-none-eabi/lib/thumb/v7-m/nofp\libc.a(lib_a-assert.o)
                0x0800b730                __assert_func
 .text._calloc_r
                0x0800b770       0x78 c:/tool/gcc-arm/bin/../lib/gcc/arm-none-eabi/10.3.1/../../../../arm-none-eabi/lib/thumb/v7-m/nofp\libc.a(lib_a-callocr.o)
                0x0800b770                _calloc_r
 .text._close_r
                0x0800b7e8       0x24 c:/tool/gcc-arm/bin/../lib/gcc/arm-none-eabi/10.3.1/../../../../arm-none-eabi/lib/thumb/v7-m/nofp\libc.a(lib_a-closer.o)
                0x0800b7e8                _close_r
 .text._fclose_r
                0x0800b80c       0xcc c:/tool/gcc-arm/bin/../lib/gcc/arm-none-eabi/10.3.1/../../../../arm-none-eabi/lib/thumb/v7-m/nofp\libc.a(lib_a-fclose.o)
                0x0800b80c                _fclose_r
 .text.fiprintf
                0x0800b8d8       0x28 c:/tool/gcc-arm/bin/../lib/gcc/arm-none-eabi/10.3.1/../../../../arm-none-eabi/lib/thumb/v7-m/nofp\libc.a(lib_a-fiprintf.o)
                0x0800b8d8                fiprintf
 .text.__fputwc
                0x0800b900       0xa0 c:/tool/gcc-arm/bin/../lib/gcc/arm-none-eabi/10.3.1/../../../../arm-none-eabi/lib/thumb/v7-m/nofp\libc.a(lib_a-fputwc.o)
                0x0800b900                __fputwc
 .text._fputwc_r
                0x0800b9a0       0x68 c:/tool/gcc-arm/bin/../lib/gcc/arm-none-eabi/10.3.1/../../../../arm-none-eabi/lib/thumb/v7-m/nofp\libc.a(lib_a-fputwc.o)
                0x0800b9a0                _fputwc_r
 .text._fstat_r
                0x0800ba08       0x28 c:/tool/gcc-arm/bin/../lib/gcc/arm-none-eabi/10.3.1/../../../../arm-none-eabi/lib/thumb/v7-m/nofp\libc.a(lib_a-fstatr.o)
                0x0800ba08                _fstat_r
 .text._isatty_r
                0x0800ba30       0x24 c:/tool/gcc-arm/bin/../lib/gcc/arm-none-eabi/10.3.1/../../../../arm-none-eabi/lib/thumb/v7-m/nofp\libc.a(lib_a-isattyr.o)
                0x0800ba30                _isatty_r
 .text.__locale_mb_cur_max
                0x0800ba54        0xc c:/tool/gcc-arm/bin/../lib/gcc/arm-none-eabi/10.3.1/../../../../arm-none-eabi/lib/thumb/v7-m/nofp\libc.a(lib_a-locale.o)
                0x0800ba54                __locale_mb_cur_max
 .text._lseek_r
                0x0800ba60       0x2c c:/tool/gcc-arm/bin/../lib/gcc/arm-none-eabi/10.3.1/../../../../arm-none-eabi/lib/thumb/v7-m/nofp\libc.a(lib_a-lseekr.o)
                0x0800ba60                _lseek_r
 .text.__ascii_mbtowc
                0x0800ba8c       0x2c c:/tool/gcc-arm/bin/../lib/gcc/arm-none-eabi/10.3.1/../../../../arm-none-eabi/lib/thumb/v7-m/nofp\libc.a(lib_a-mbtowc_r.o)
                0x0800ba8c                __ascii_mbtowc
 .text._read_r  0x0800bab8       0x2c c:/tool/gcc-arm/bin/../lib/gcc/arm-none-eabi/10.3.1/../../../../arm-none-eabi/lib/thumb/v7-m/nofp\libc.a(lib_a-readr.o)
                0x0800bab8                _read_r
 .text._wcrtomb_r
                0x0800bae4       0x3c c:/tool/gcc-arm/bin/../lib/gcc/arm-none-eabi/10.3.1/../../../../arm-none-eabi/lib/thumb/v7-m/nofp\libc.a(lib_a-wcrtomb.o)
                0x0800bae4                _wcrtomb_r
 .text.__ascii_wctomb
                0x0800bb20       0x1c c:/tool/gcc-arm/bin/../lib/gcc/arm-none-eabi/10.3.1/../../../../arm-none-eabi/lib/thumb/v7-m/nofp\libc.a(lib_a-wctomb_r.o)
                0x0800bb20                __ascii_wctomb
 .text.abort    0x0800bb3c       0x10 c:/tool/gcc-arm/bin/../lib/gcc/arm-none-eabi/10.3.1/../../../../arm-none-eabi/lib/thumb/v7-m/nofp\libc.a(lib_a-abort.o)
                0x0800bb3c                abort
 .text.raise    0x0800bb4c       0x5c c:/tool/gcc-arm/bin/../lib/gcc/arm-none-eabi/10.3.1/../../../../arm-none-eabi/lib/thumb/v7-m/nofp\libc.a(lib_a-signal.o)
                0x0800bb4c                raise
 .text._kill_r  0x0800bba8       0x28 c:/tool/gcc-arm/bin/../lib/gcc/arm-none-eabi/10.3.1/../../../../arm-none-eabi/lib/thumb/v7-m/nofp\libc.a(lib_a-signalr.o)
                0x0800bba8                _kill_r
 .text._getpid_r
                0x0800bbd0        0x4 c:/tool/gcc-arm/bin/../lib/gcc/arm-none-eabi/10.3.1/../../../../arm-none-eabi/lib/thumb/v7-m/nofp\libc.a(lib_a-signalr.o)
                0x0800bbd0                _getpid_r
 .text._close   0x0800bbd4       0x10 c:/tool/gcc-arm/bin/../lib/gcc/arm-none-eabi/10.3.1/../../../../arm-none-eabi/lib/thumb/v7-m/nofp\libnosys.a(close.o)
                0x0800bbd4                _close
 .text._fstat   0x0800bbe4       0x10 c:/tool/gcc-arm/bin/../lib/gcc/arm-none-eabi/10.3.1/../../../../arm-none-eabi/lib/thumb/v7-m/nofp\libnosys.a(fstat.o)
                0x0800bbe4                _fstat
 .text._getpid  0x0800bbf4       0x10 c:/tool/gcc-arm/bin/../lib/gcc/arm-none-eabi/10.3.1/../../../../arm-none-eabi/lib/thumb/v7-m/nofp\libnosys.a(getpid.o)
                0x0800bbf4                _getpid
 .text._isatty  0x0800bc04       0x10 c:/tool/gcc-arm/bin/../lib/gcc/arm-none-eabi/10.3.1/../../../../arm-none-eabi/lib/thumb/v7-m/nofp\libnosys.a(isatty.o)
                0x0800bc04                _isatty
 .text._kill    0x0800bc14       0x10 c:/tool/gcc-arm/bin/../lib/gcc/arm-none-eabi/10.3.1/../../../../arm-none-eabi/lib/thumb/v7-m/nofp\libnosys.a(kill.o)
                0x0800bc14                _kill
 .text._lseek   0x0800bc24       0x10 c:/tool/gcc-arm/bin/../lib/gcc/arm-none-eabi/10.3.1/../../../../arm-none-eabi/lib/thumb/v7-m/nofp\libnosys.a(lseek.o)
                0x0800bc24                _lseek
 .text._read    0x0800bc34       0x10 c:/tool/gcc-arm/bin/../lib/gcc/arm-none-eabi/10.3.1/../../../../arm-none-eabi/lib/thumb/v7-m/nofp\libnosys.a(read.o)
                0x0800bc34                _read
 .text._sbrk    0x0800bc44       0x1c c:/tool/gcc-arm/bin/../lib/gcc/arm-none-eabi/10.3.1/../../../../arm-none-eabi/lib/thumb/v7-m/nofp\libnosys.a(sbrk.o)
                0x0800bc44                _sbrk
 .text._exit    0x0800bc60        0x4 c:/tool/gcc-arm/bin/../lib/gcc/arm-none-eabi/10.3.1/../../../../arm-none-eabi/lib/thumb/v7-m/nofp\libnosys.a(_exit.o)
                0x0800bc60                _exit
 *(.glue_7)
 .glue_7        0x0800bc64        0x0 linker stubs
 *(.glue_7t)
 .glue_7t       0x0800bc64        0x0 linker stubs
 *(.eh_frame)
 .eh_frame      0x0800bc64        0x0 c:/tool/gcc-arm/bin/../lib/gcc/arm-none-eabi/10.3.1/thumb/v7-m/nofp/crtbegin.o
 *(.init)
 .init          0x0800bc64        0x4 c:/tool/gcc-arm/bin/../lib/gcc/arm-none-eabi/10.3.1/thumb/v7-m/nofp/crti.o
                0x0800bc64                _init
 .init          0x0800bc68        0x8 c:/tool/gcc-arm/bin/../lib/gcc/arm-none-eabi/10.3.1/thumb/v7-m/nofp/crtn.o
 *(.fini)
 .fini          0x0800bc70        0x4 c:/tool/gcc-arm/bin/../lib/gcc/arm-none-eabi/10.3.1/thumb/v7-m/nofp/crti.o
                0x0800bc70                _fini
 .fini          0x0800bc74        0x8 c:/tool/gcc-arm/bin/../lib/gcc/arm-none-eabi/10.3.1/thumb/v7-m/nofp/crtn.o
                0x0800bc7c                . = ALIGN (0x4)
                0x0800bc7c                _etext = .

.vfp11_veneer   0x0800bc7c        0x0
 .vfp11_veneer  0x0800bc7c        0x0 linker stubs

.v4_bx          0x0800bc7c        0x0
 .v4_bx         0x0800bc7c        0x0 linker stubs

.iplt           0x0800bc7c        0x0
 .iplt          0x0800bc7c        0x0 c:/tool/gcc-arm/bin/../lib/gcc/arm-none-eabi/10.3.1/thumb/v7-m/nofp/crtbegin.o

.rodata         0x0800bc80      0xdb4
                0x0800bc80                . = ALIGN (0x4)
 *(.rodata)
 *(.rodata*)
 .rodata.main.str1.4
                0x0800bc80        0xc build/main.o
 .rodata.HAL_RCC_GetSysClockFreq.str1.4
                0x0800bc8c       0x11 build/stm32f1xx_hal_rcc.o
 *fill*         0x0800bc9d        0x3 
 .rodata.AHBPrescTable
                0x0800bca0       0x10 build/system_stm32f1xx.o
                0x0800bca0                AHBPrescTable
 .rodata.APBPrescTable
                0x0800bcb0        0x8 build/system_stm32f1xx.o
                0x0800bcb0                APBPrescTable
 .rodata.led_proc.str1.4
                0x0800bcb8       0x6c build/console.o
 .rodata.pwm_proc.str1.4
                0x0800bd24       0x3b build/console.o
 *fill*         0x0800bd5f        0x1 
 .rodata.config_proc.str1.4
                0x0800bd60       0x5f build/console.o
 *fill*         0x0800bdbf        0x1 
 .rodata.list_proc.str1.4
                0x0800bdc0        0x4 build/console.o
 .rodata.shell_proc.str1.4
                0x0800bdc4       0x21 build/console.o
 *fill*         0x0800bde5        0x3 
 .rodata.str1.4
                0x0800bde8       0x14 build/console.o
 .rodata.F6x8   0x0800bdfc      0x21c build/oled.o
                0x0800bdfc                F6x8
 .rodata.F8X16  0x0800c018      0x5f0 build/oled.o
                0x0800c018                F8X16
 .rodata.pwm_help.str1.4
                0x0800c608       0x30 build/pwm.o
 .rodata._global_impure_ptr
                0x0800c638        0x4 c:/tool/gcc-arm/bin/../lib/gcc/arm-none-eabi/10.3.1/../../../../arm-none-eabi/lib/thumb/v7-m/nofp\libc.a(lib_a-impure.o)
                0x0800c638                _global_impure_ptr
 .rodata._puts_r.str1.4
                0x0800c63c       0x30 c:/tool/gcc-arm/bin/../lib/gcc/arm-none-eabi/10.3.1/../../../../arm-none-eabi/lib/thumb/v7-m/nofp\libc.a(lib_a-puts.o)
                                  0x2 (size before relaxing)
 .rodata._vfprintf_r.str1.4
                0x0800c63c       0x42 c:/tool/gcc-arm/bin/../lib/gcc/arm-none-eabi/10.3.1/../../../../arm-none-eabi/lib/thumb/v7-m/nofp\libc.a(lib_a-vfprintf.o)
 *fill*         0x0800c67e        0x2 
 .rodata.blanks.1
                0x0800c680       0x10 c:/tool/gcc-arm/bin/../lib/gcc/arm-none-eabi/10.3.1/../../../../arm-none-eabi/lib/thumb/v7-m/nofp\libc.a(lib_a-vfprintf.o)
 .rodata.zeroes.0
                0x0800c690       0x10 c:/tool/gcc-arm/bin/../lib/gcc/arm-none-eabi/10.3.1/../../../../arm-none-eabi/lib/thumb/v7-m/nofp\libc.a(lib_a-vfprintf.o)
 .rodata._ctype_
                0x0800c6a0      0x101 c:/tool/gcc-arm/bin/../lib/gcc/arm-none-eabi/10.3.1/../../../../arm-none-eabi/lib/thumb/v7-m/nofp\libc.a(lib_a-ctype_.o)
                0x0800c6a0                _ctype_
 *fill*         0x0800c7a1        0x3 
 .rodata._dtoa_r.str1.4
                0x0800c7a4       0xa2 c:/tool/gcc-arm/bin/../lib/gcc/arm-none-eabi/10.3.1/../../../../arm-none-eabi/lib/thumb/v7-m/nofp\libc.a(lib_a-dtoa.o)
                                 0xa6 (size before relaxing)
 *fill*         0x0800c846        0x2 
 .rodata.__multadd.str1.4
                0x0800c848       0x7f c:/tool/gcc-arm/bin/../lib/gcc/arm-none-eabi/10.3.1/../../../../arm-none-eabi/lib/thumb/v7-m/nofp\libc.a(lib_a-mprec.o)
                                 0x93 (size before relaxing)
 *fill*         0x0800c8c7        0x1 
 .rodata.__mprec_bigtens
                0x0800c8c8       0x28 c:/tool/gcc-arm/bin/../lib/gcc/arm-none-eabi/10.3.1/../../../../arm-none-eabi/lib/thumb/v7-m/nofp\libc.a(lib_a-mprec.o)
                0x0800c8c8                __mprec_bigtens
 .rodata.__mprec_tens
                0x0800c8f0       0xc8 c:/tool/gcc-arm/bin/../lib/gcc/arm-none-eabi/10.3.1/../../../../arm-none-eabi/lib/thumb/v7-m/nofp\libc.a(lib_a-mprec.o)
                0x0800c8f0                __mprec_tens
 .rodata.p05.0  0x0800c9b8        0xc c:/tool/gcc-arm/bin/../lib/gcc/arm-none-eabi/10.3.1/../../../../arm-none-eabi/lib/thumb/v7-m/nofp\libc.a(lib_a-mprec.o)
 .rodata._vfiprintf_r.str1.4
                0x0800c9c4       0x2f c:/tool/gcc-arm/bin/../lib/gcc/arm-none-eabi/10.3.1/../../../../arm-none-eabi/lib/thumb/v7-m/nofp\libc.a(lib_a-vfiprintf.o)
 .rodata.blanks.1
                0x0800c9c4       0x10 c:/tool/gcc-arm/bin/../lib/gcc/arm-none-eabi/10.3.1/../../../../arm-none-eabi/lib/thumb/v7-m/nofp\libc.a(lib_a-vfiprintf.o)
 .rodata.zeroes.0
                0x0800c9d4       0x10 c:/tool/gcc-arm/bin/../lib/gcc/arm-none-eabi/10.3.1/../../../../arm-none-eabi/lib/thumb/v7-m/nofp\libc.a(lib_a-vfiprintf.o)
 .rodata.__assert_func.str1.4
                0x0800c9e4       0x3f c:/tool/gcc-arm/bin/../lib/gcc/arm-none-eabi/10.3.1/../../../../arm-none-eabi/lib/thumb/v7-m/nofp\libc.a(lib_a-assert.o)
                                 0x43 (size before relaxing)
 *fill*         0x0800ca23        0x1 
 .rodata._setlocale_r.str1.4
                0x0800ca24        0xa c:/tool/gcc-arm/bin/../lib/gcc/arm-none-eabi/10.3.1/../../../../arm-none-eabi/lib/thumb/v7-m/nofp\libc.a(lib_a-locale.o)
                                  0xd (size before relaxing)
 *fill*         0x0800ca2e        0x2 
 .rodata.str1.4
                0x0800ca30        0x2 c:/tool/gcc-arm/bin/../lib/gcc/arm-none-eabi/10.3.1/../../../../arm-none-eabi/lib/thumb/v7-m/nofp\libc.a(lib_a-locale.o)
                0x0800ca34                . = ALIGN (0x4)
 *fill*         0x0800ca32        0x2 

.ARM.extab
 *(.ARM.extab* .gnu.linkonce.armextab.*)

.ARM            0x0800ca34        0x8
                0x0800ca34                __exidx_start = .
 *(.ARM.exidx*)
 .ARM.exidx     0x0800ca34        0x8 c:/tool/gcc-arm/bin/../lib/gcc/arm-none-eabi/10.3.1/thumb/v7-m/nofp\libgcc.a(_udivmoddi4.o)
                0x0800ca3c                __exidx_end = .

.rel.dyn        0x0800ca3c        0x0
 .rel.iplt      0x0800ca3c        0x0 c:/tool/gcc-arm/bin/../lib/gcc/arm-none-eabi/10.3.1/thumb/v7-m/nofp/crtbegin.o

.preinit_array  0x0800ca3c        0x0
                0x0800ca3c                PROVIDE (__preinit_array_start = .)
 *(.preinit_array*)
                0x0800ca3c                PROVIDE (__preinit_array_end = .)

.init_array     0x0800ca3c        0x8
                0x0800ca3c                PROVIDE (__init_array_start = .)
 *(SORT_BY_NAME(.init_array.*))
 .init_array.00000
                0x0800ca3c        0x4 c:/tool/gcc-arm/bin/../lib/gcc/arm-none-eabi/10.3.1/../../../../arm-none-eabi/lib/thumb/v7-m/nofp\libc.a(lib_a-__call_atexit.o)
 *(.init_array*)
 .init_array    0x0800ca40        0x4 c:/tool/gcc-arm/bin/../lib/gcc/arm-none-eabi/10.3.1/thumb/v7-m/nofp/crtbegin.o
                0x0800ca44                PROVIDE (__init_array_end = .)

.fini_array     0x0800ca44        0x4
                0x0800ca44                PROVIDE (__fini_array_start = .)
 *(SORT_BY_NAME(.fini_array.*))
 *(.fini_array*)
 .fini_array    0x0800ca44        0x4 c:/tool/gcc-arm/bin/../lib/gcc/arm-none-eabi/10.3.1/thumb/v7-m/nofp/crtbegin.o
                0x0800ca48                PROVIDE (__fini_array_end = .)
                0x0800ca48                _sidata = LOADADDR (.data)

.data           0x20000000      0x9d8 load address 0x0800ca48
                0x20000000                . = ALIGN (0x4)
                0x20000000                _sdata = .
 *(.data)
 *(.data*)
 .data.uwTickFreq
                0x20000000        0x1 build/stm32f1xx_hal.o
                0x20000000                uwTickFreq
 *fill*         0x20000001        0x3 
 .data.uwTickPrio
                0x20000004        0x4 build/stm32f1xx_hal.o
                0x20000004                uwTickPrio
 .data.SystemCoreClock
                0x20000008        0x4 build/system_stm32f1xx.o
                0x20000008                SystemCoreClock
 .data.cmd_list
                0x2000000c       0x20 build/console.o
                0x2000000c                cmd_list
 .data._impure_ptr
                0x2000002c        0x4 c:/tool/gcc-arm/bin/../lib/gcc/arm-none-eabi/10.3.1/../../../../arm-none-eabi/lib/thumb/v7-m/nofp\libc.a(lib_a-impure.o)
                0x2000002c                _impure_ptr
 .data.impure_data
                0x20000030      0x428 c:/tool/gcc-arm/bin/../lib/gcc/arm-none-eabi/10.3.1/../../../../arm-none-eabi/lib/thumb/v7-m/nofp\libc.a(lib_a-impure.o)
 .data.__malloc_av_
                0x20000458      0x408 c:/tool/gcc-arm/bin/../lib/gcc/arm-none-eabi/10.3.1/../../../../arm-none-eabi/lib/thumb/v7-m/nofp\libc.a(lib_a-mallocr.o)
                0x20000458                __malloc_av_
 .data.__malloc_sbrk_base
                0x20000860        0x4 c:/tool/gcc-arm/bin/../lib/gcc/arm-none-eabi/10.3.1/../../../../arm-none-eabi/lib/thumb/v7-m/nofp\libc.a(lib_a-mallocr.o)
                0x20000860                __malloc_sbrk_base
 .data.__malloc_trim_threshold
                0x20000864        0x4 c:/tool/gcc-arm/bin/../lib/gcc/arm-none-eabi/10.3.1/../../../../arm-none-eabi/lib/thumb/v7-m/nofp\libc.a(lib_a-mallocr.o)
                0x20000864                __malloc_trim_threshold
 .data.__atexit_recursive_mutex
                0x20000868        0x4 c:/tool/gcc-arm/bin/../lib/gcc/arm-none-eabi/10.3.1/../../../../arm-none-eabi/lib/thumb/v7-m/nofp\libc.a(lib_a-__call_atexit.o)
                0x20000868                __atexit_recursive_mutex
 .data.__global_locale
                0x2000086c      0x16c c:/tool/gcc-arm/bin/../lib/gcc/arm-none-eabi/10.3.1/../../../../arm-none-eabi/lib/thumb/v7-m/nofp\libc.a(lib_a-locale.o)
                0x2000086c                __global_locale
                0x200009d8                . = ALIGN (0x4)
                0x200009d8                _edata = .

.igot.plt       0x200009d8        0x0 load address 0x0800d420
 .igot.plt      0x200009d8        0x0 c:/tool/gcc-arm/bin/../lib/gcc/arm-none-eabi/10.3.1/thumb/v7-m/nofp/crtbegin.o
                0x200009d8                . = ALIGN (0x4)

.bss            0x200009d8      0x418 load address 0x0800d420
                0x200009d8                _sbss = .
                0x200009d8                __bss_start__ = _sbss
 *(.bss)
 .bss           0x200009d8       0x1c c:/tool/gcc-arm/bin/../lib/gcc/arm-none-eabi/10.3.1/thumb/v7-m/nofp/crtbegin.o
 *(.bss*)
 .bss.Rx_buf_pos.3
                0x200009f4        0x1 build/main.o
 .bss.Rx_length.2
                0x200009f5        0x1 build/main.o
 *fill*         0x200009f6        0x2 
 .bss.oled_tick.0
                0x200009f8        0x4 build/main.o
 .bss.shell_tick.1
                0x200009fc        0x4 build/main.o
 .bss.uart1_rx_dma_buf
                0x20000a00       0x80 build/main.o
                0x20000a00                uart1_rx_dma_buf
 .bss.uart1_rx_fifo
                0x20000a80       0x1c build/main.o
                0x20000a80                uart1_rx_fifo
 .bss.uart1_rx_fifo_buf
                0x20000a9c       0x80 build/main.o
                0x20000a9c                uart1_rx_fifo_buf
 .bss.hdma_i2c1_tx
                0x20000b1c       0x44 build/i2c.o
                0x20000b1c                hdma_i2c1_tx
 .bss.hi2c1     0x20000b60       0x54 build/i2c.o
                0x20000b60                hi2c1
 .bss.htim1     0x20000bb4       0x48 build/tim.o
                0x20000bb4                htim1
 .bss.htim2     0x20000bfc       0x48 build/tim.o
                0x20000bfc                htim2
 .bss.hdma_usart1_rx
                0x20000c44       0x44 build/usart.o
                0x20000c44                hdma_usart1_rx
 .bss.hdma_usart1_tx
                0x20000c88       0x44 build/usart.o
                0x20000c88                hdma_usart1_tx
 .bss.huart1    0x20000ccc       0x44 build/usart.o
                0x20000ccc                huart1
 .bss.uwTick    0x20000d10        0x4 build/stm32f1xx_hal.o
                0x20000d10                uwTick
 .bss.int_arg   0x20000d14        0x4 build/console.o
                0x20000d14                int_arg
 .bss.str_arg   0x20000d18       0x80 build/console.o
                0x20000d18                str_arg
 .bss.tick      0x20000d98        0x4 build/m_tim.o
 .bss.pwm       0x20000d9c        0x8 build/pwm.o
 .bss.__malloc_current_mallinfo
                0x20000da4       0x28 c:/tool/gcc-arm/bin/../lib/gcc/arm-none-eabi/10.3.1/../../../../arm-none-eabi/lib/thumb/v7-m/nofp\libc.a(lib_a-mallocr.o)
                0x20000da4                __malloc_current_mallinfo
 .bss.__malloc_max_sbrked_mem
                0x20000dcc        0x4 c:/tool/gcc-arm/bin/../lib/gcc/arm-none-eabi/10.3.1/../../../../arm-none-eabi/lib/thumb/v7-m/nofp\libc.a(lib_a-mallocr.o)
                0x20000dcc                __malloc_max_sbrked_mem
 .bss.__malloc_max_total_mem
                0x20000dd0        0x4 c:/tool/gcc-arm/bin/../lib/gcc/arm-none-eabi/10.3.1/../../../../arm-none-eabi/lib/thumb/v7-m/nofp\libc.a(lib_a-mallocr.o)
                0x20000dd0                __malloc_max_total_mem
 .bss.__malloc_top_pad
                0x20000dd4        0x4 c:/tool/gcc-arm/bin/../lib/gcc/arm-none-eabi/10.3.1/../../../../arm-none-eabi/lib/thumb/v7-m/nofp\libc.a(lib_a-mallocr.o)
                0x20000dd4                __malloc_top_pad
 .bss.__lock___atexit_recursive_mutex
                0x20000dd8        0x1 c:/tool/gcc-arm/bin/../lib/gcc/arm-none-eabi/10.3.1/../../../../arm-none-eabi/lib/thumb/v7-m/nofp\libc.a(lib_a-lock.o)
                0x20000dd8                __lock___atexit_recursive_mutex
 *fill*         0x20000dd9        0x3 
 .bss.__lock___malloc_recursive_mutex
                0x20000ddc        0x1 c:/tool/gcc-arm/bin/../lib/gcc/arm-none-eabi/10.3.1/../../../../arm-none-eabi/lib/thumb/v7-m/nofp\libc.a(lib_a-lock.o)
                0x20000ddc                __lock___malloc_recursive_mutex
 *fill*         0x20000ddd        0x3 
 .bss.__lock___sfp_recursive_mutex
                0x20000de0        0x1 c:/tool/gcc-arm/bin/../lib/gcc/arm-none-eabi/10.3.1/../../../../arm-none-eabi/lib/thumb/v7-m/nofp\libc.a(lib_a-lock.o)
                0x20000de0                __lock___sfp_recursive_mutex
 *fill*         0x20000de1        0x3 
 .bss.__lock___sinit_recursive_mutex
                0x20000de4        0x1 c:/tool/gcc-arm/bin/../lib/gcc/arm-none-eabi/10.3.1/../../../../arm-none-eabi/lib/thumb/v7-m/nofp\libc.a(lib_a-lock.o)
                0x20000de4                __lock___sinit_recursive_mutex
 *fill*         0x20000de5        0x3 
 .bss.errno     0x20000de8        0x4 c:/tool/gcc-arm/bin/../lib/gcc/arm-none-eabi/10.3.1/../../../../arm-none-eabi/lib/thumb/v7-m/nofp\libc.a(lib_a-reent.o)
                0x20000de8                errno
 .bss.heap_end.0
                0x20000dec        0x4 c:/tool/gcc-arm/bin/../lib/gcc/arm-none-eabi/10.3.1/../../../../arm-none-eabi/lib/thumb/v7-m/nofp\libnosys.a(sbrk.o)
 *(COMMON)
                0x20000df0                . = ALIGN (0x4)
                0x20000df0                _ebss = .
                0x20000df0                __bss_end__ = _ebss

._user_heap_stack
                0x20000df0      0x600 load address 0x0800d420
                0x20000df0                . = ALIGN (0x8)
                0x20000df0                PROVIDE (end = .)
                [!provide]                PROVIDE (_end = .)
                0x20000ff0                . = (. + _Min_Heap_Size)
 *fill*         0x20000df0      0x200 
                0x200013f0                . = (. + _Min_Stack_Size)
 *fill*         0x20000ff0      0x400 
                0x200013f0                . = ALIGN (0x8)

/DISCARD/
 libc.a(*)
 libm.a(*)
 libgcc.a(*)

.ARM.attributes
                0x00000000       0x29
 *(.ARM.attributes)
 .ARM.attributes
                0x00000000       0x1d c:/tool/gcc-arm/bin/../lib/gcc/arm-none-eabi/10.3.1/thumb/v7-m/nofp/crti.o
 .ARM.attributes
                0x0000001d       0x2d c:/tool/gcc-arm/bin/../lib/gcc/arm-none-eabi/10.3.1/thumb/v7-m/nofp/crtbegin.o
 .ARM.attributes
                0x0000004a       0x2d build/main.o
 .ARM.attributes
                0x00000077       0x2d build/gpio.o
 .ARM.attributes
                0x000000a4       0x2d build/dma.o
 .ARM.attributes
                0x000000d1       0x2d build/i2c.o
 .ARM.attributes
                0x000000fe       0x2d build/tim.o
 .ARM.attributes
                0x0000012b       0x2d build/usart.o
 .ARM.attributes
                0x00000158       0x2d build/stm32f1xx_it.o
 .ARM.attributes
                0x00000185       0x2d build/stm32f1xx_hal_msp.o
 .ARM.attributes
                0x000001b2       0x2d build/stm32f1xx_hal_i2c.o
 .ARM.attributes
                0x000001df       0x2d build/stm32f1xx_hal.o
 .ARM.attributes
                0x0000020c       0x2d build/stm32f1xx_hal_rcc.o
 .ARM.attributes
                0x00000239       0x2d build/stm32f1xx_hal_gpio.o
 .ARM.attributes
                0x00000266       0x2d build/stm32f1xx_hal_dma.o
 .ARM.attributes
                0x00000293       0x2d build/stm32f1xx_hal_cortex.o
 .ARM.attributes
                0x000002c0       0x2d build/stm32f1xx_hal_tim.o
 .ARM.attributes
                0x000002ed       0x2d build/stm32f1xx_hal_tim_ex.o
 .ARM.attributes
                0x0000031a       0x2d build/stm32f1xx_hal_uart.o
 .ARM.attributes
                0x00000347       0x2d build/system_stm32f1xx.o
 .ARM.attributes
                0x00000374       0x2d build/console.o
 .ARM.attributes
                0x000003a1       0x2d build/m_tim.o
 .ARM.attributes
                0x000003ce       0x2d build/fifo.o
 .ARM.attributes
                0x000003fb       0x2d build/led.o
 .ARM.attributes
                0x00000428       0x2d build/oled.o
 .ARM.attributes
                0x00000455       0x2d build/pwm.o
 .ARM.attributes
                0x00000482       0x2d build/soft_i2c_stm32.o
 .ARM.attributes
                0x000004af       0x2d build/soft_i2c.o
 .ARM.attributes
                0x000004dc       0x2d build/uart_redirect.o
 .ARM.attributes
                0x00000509       0x21 build/startup_stm32f103xb.o
 .ARM.attributes
                0x0000052a       0x2d c:/tool/gcc-arm/bin/../lib/gcc/arm-none-eabi/10.3.1/../../../../arm-none-eabi/lib/thumb/v7-m/nofp\libc.a(lib_a-atoi.o)
 .ARM.attributes
                0x00000557       0x2d c:/tool/gcc-arm/bin/../lib/gcc/arm-none-eabi/10.3.1/../../../../arm-none-eabi/lib/thumb/v7-m/nofp\libc.a(lib_a-impure.o)
 .ARM.attributes
                0x00000584       0x2d c:/tool/gcc-arm/bin/../lib/gcc/arm-none-eabi/10.3.1/../../../../arm-none-eabi/lib/thumb/v7-m/nofp\libc.a(lib_a-init.o)
 .ARM.attributes
                0x000005b1       0x2d c:/tool/gcc-arm/bin/../lib/gcc/arm-none-eabi/10.3.1/../../../../arm-none-eabi/lib/thumb/v7-m/nofp\libc.a(lib_a-malloc.o)
 .ARM.attributes
                0x000005de       0x2d c:/tool/gcc-arm/bin/../lib/gcc/arm-none-eabi/10.3.1/../../../../arm-none-eabi/lib/thumb/v7-m/nofp\libc.a(lib_a-mallocr.o)
 .ARM.attributes
                0x0000060b       0x1b c:/tool/gcc-arm/bin/../lib/gcc/arm-none-eabi/10.3.1/../../../../arm-none-eabi/lib/thumb/v7-m/nofp\libc.a(lib_a-memcpy.o)
 .ARM.attributes
                0x00000626       0x2d c:/tool/gcc-arm/bin/../lib/gcc/arm-none-eabi/10.3.1/../../../../arm-none-eabi/lib/thumb/v7-m/nofp\libc.a(lib_a-memset.o)
 .ARM.attributes
                0x00000653       0x2d c:/tool/gcc-arm/bin/../lib/gcc/arm-none-eabi/10.3.1/../../../../arm-none-eabi/lib/thumb/v7-m/nofp\libc.a(lib_a-mlock.o)
 .ARM.attributes
                0x00000680       0x2d c:/tool/gcc-arm/bin/../lib/gcc/arm-none-eabi/10.3.1/../../../../arm-none-eabi/lib/thumb/v7-m/nofp\libc.a(lib_a-printf.o)
 .ARM.attributes
                0x000006ad       0x2d c:/tool/gcc-arm/bin/../lib/gcc/arm-none-eabi/10.3.1/../../../../arm-none-eabi/lib/thumb/v7-m/nofp\libc.a(lib_a-putchar.o)
 .ARM.attributes
                0x000006da       0x2d c:/tool/gcc-arm/bin/../lib/gcc/arm-none-eabi/10.3.1/../../../../arm-none-eabi/lib/thumb/v7-m/nofp\libc.a(lib_a-puts.o)
 .ARM.attributes
                0x00000707       0x2d c:/tool/gcc-arm/bin/../lib/gcc/arm-none-eabi/10.3.1/../../../../arm-none-eabi/lib/thumb/v7-m/nofp\libc.a(lib_a-sbrkr.o)
 .ARM.attributes
                0x00000734       0x2d c:/tool/gcc-arm/bin/../lib/gcc/arm-none-eabi/10.3.1/../../../../arm-none-eabi/lib/thumb/v7-m/nofp\libc.a(lib_a-setbuf.o)
 .ARM.attributes
                0x00000761       0x2d c:/tool/gcc-arm/bin/../lib/gcc/arm-none-eabi/10.3.1/../../../../arm-none-eabi/lib/thumb/v7-m/nofp\libc.a(lib_a-setvbuf.o)
 .ARM.attributes
                0x0000078e       0x2d c:/tool/gcc-arm/bin/../lib/gcc/arm-none-eabi/10.3.1/../../../../arm-none-eabi/lib/thumb/v7-m/nofp\libc.a(lib_a-strcat.o)
 .ARM.attributes
                0x000007bb       0x1b c:/tool/gcc-arm/bin/../lib/gcc/arm-none-eabi/10.3.1/../../../../arm-none-eabi/lib/thumb/v7-m/nofp\libc.a(lib_a-strcmp.o)
 .ARM.attributes
                0x000007d6       0x2d c:/tool/gcc-arm/bin/../lib/gcc/arm-none-eabi/10.3.1/../../../../arm-none-eabi/lib/thumb/v7-m/nofp\libc.a(lib_a-strcpy.o)
 .ARM.attributes
                0x00000803       0x2d c:/tool/gcc-arm/bin/../lib/gcc/arm-none-eabi/10.3.1/../../../../arm-none-eabi/lib/thumb/v7-m/nofp\libc.a(lib_a-strlen-stub.o)
 .ARM.attributes
                0x00000830       0x2d c:/tool/gcc-arm/bin/../lib/gcc/arm-none-eabi/10.3.1/../../../../arm-none-eabi/lib/thumb/v7-m/nofp\libc.a(lib_a-strstr.o)
 .ARM.attributes
                0x0000085d       0x2d c:/tool/gcc-arm/bin/../lib/gcc/arm-none-eabi/10.3.1/../../../../arm-none-eabi/lib/thumb/v7-m/nofp\libc.a(lib_a-strtok.o)
 .ARM.attributes
                0x0000088a       0x2d c:/tool/gcc-arm/bin/../lib/gcc/arm-none-eabi/10.3.1/../../../../arm-none-eabi/lib/thumb/v7-m/nofp\libc.a(lib_a-strtok_r.o)
 .ARM.attributes
                0x000008b7       0x2d c:/tool/gcc-arm/bin/../lib/gcc/arm-none-eabi/10.3.1/../../../../arm-none-eabi/lib/thumb/v7-m/nofp\libc.a(lib_a-strtol.o)
 .ARM.attributes
                0x000008e4       0x2d c:/tool/gcc-arm/bin/../lib/gcc/arm-none-eabi/10.3.1/../../../../arm-none-eabi/lib/thumb/v7-m/nofp\libc.a(lib_a-vfprintf.o)
 .ARM.attributes
                0x00000911       0x2d c:/tool/gcc-arm/bin/../lib/gcc/arm-none-eabi/10.3.1/../../../../arm-none-eabi/lib/thumb/v7-m/nofp\libc.a(lib_a-wsetup.o)
 .ARM.attributes
                0x0000093e       0x2d c:/tool/gcc-arm/bin/../lib/gcc/arm-none-eabi/10.3.1/../../../../arm-none-eabi/lib/thumb/v7-m/nofp\libc.a(lib_a-__call_atexit.o)
 .ARM.attributes
                0x0000096b       0x2d c:/tool/gcc-arm/bin/../lib/gcc/arm-none-eabi/10.3.1/../../../../arm-none-eabi/lib/thumb/v7-m/nofp\libc.a(lib_a-atexit.o)
 .ARM.attributes
                0x00000998       0x2d c:/tool/gcc-arm/bin/../lib/gcc/arm-none-eabi/10.3.1/../../../../arm-none-eabi/lib/thumb/v7-m/nofp\libc.a(lib_a-ctype_.o)
 .ARM.attributes
                0x000009c5       0x2d c:/tool/gcc-arm/bin/../lib/gcc/arm-none-eabi/10.3.1/../../../../arm-none-eabi/lib/thumb/v7-m/nofp\libc.a(lib_a-dtoa.o)
 .ARM.attributes
                0x000009f2       0x2d c:/tool/gcc-arm/bin/../lib/gcc/arm-none-eabi/10.3.1/../../../../arm-none-eabi/lib/thumb/v7-m/nofp\libc.a(lib_a-errno.o)
 .ARM.attributes
                0x00000a1f       0x2d c:/tool/gcc-arm/bin/../lib/gcc/arm-none-eabi/10.3.1/../../../../arm-none-eabi/lib/thumb/v7-m/nofp\libc.a(lib_a-fflush.o)
 .ARM.attributes
                0x00000a4c       0x2d c:/tool/gcc-arm/bin/../lib/gcc/arm-none-eabi/10.3.1/../../../../arm-none-eabi/lib/thumb/v7-m/nofp\libc.a(lib_a-findfp.o)
 .ARM.attributes
                0x00000a79       0x2d c:/tool/gcc-arm/bin/../lib/gcc/arm-none-eabi/10.3.1/../../../../arm-none-eabi/lib/thumb/v7-m/nofp\libc.a(lib_a-fini.o)
 .ARM.attributes
                0x00000aa6       0x2d c:/tool/gcc-arm/bin/../lib/gcc/arm-none-eabi/10.3.1/../../../../arm-none-eabi/lib/thumb/v7-m/nofp\libc.a(lib_a-freer.o)
 .ARM.attributes
                0x00000ad3       0x2d c:/tool/gcc-arm/bin/../lib/gcc/arm-none-eabi/10.3.1/../../../../arm-none-eabi/lib/thumb/v7-m/nofp\libc.a(lib_a-fvwrite.o)
 .ARM.attributes
                0x00000b00       0x2d c:/tool/gcc-arm/bin/../lib/gcc/arm-none-eabi/10.3.1/../../../../arm-none-eabi/lib/thumb/v7-m/nofp\libc.a(lib_a-fwalk.o)
 .ARM.attributes
                0x00000b2d       0x2d c:/tool/gcc-arm/bin/../lib/gcc/arm-none-eabi/10.3.1/../../../../arm-none-eabi/lib/thumb/v7-m/nofp\libc.a(lib_a-localeconv.o)
 .ARM.attributes
                0x00000b5a       0x2d c:/tool/gcc-arm/bin/../lib/gcc/arm-none-eabi/10.3.1/../../../../arm-none-eabi/lib/thumb/v7-m/nofp\libc.a(lib_a-lock.o)
 .ARM.attributes
                0x00000b87       0x2d c:/tool/gcc-arm/bin/../lib/gcc/arm-none-eabi/10.3.1/../../../../arm-none-eabi/lib/thumb/v7-m/nofp\libc.a(lib_a-makebuf.o)
 .ARM.attributes
                0x00000bb4       0x2d c:/tool/gcc-arm/bin/../lib/gcc/arm-none-eabi/10.3.1/../../../../arm-none-eabi/lib/thumb/v7-m/nofp\libc.a(lib_a-memchr-stub.o)
 .ARM.attributes
                0x00000be1       0x2d c:/tool/gcc-arm/bin/../lib/gcc/arm-none-eabi/10.3.1/../../../../arm-none-eabi/lib/thumb/v7-m/nofp\libc.a(lib_a-memcmp.o)
 .ARM.attributes
                0x00000c0e       0x2d c:/tool/gcc-arm/bin/../lib/gcc/arm-none-eabi/10.3.1/../../../../arm-none-eabi/lib/thumb/v7-m/nofp\libc.a(lib_a-memmove.o)
 .ARM.attributes
                0x00000c3b       0x2d c:/tool/gcc-arm/bin/../lib/gcc/arm-none-eabi/10.3.1/../../../../arm-none-eabi/lib/thumb/v7-m/nofp\libc.a(lib_a-mprec.o)
 .ARM.attributes
                0x00000c68       0x2d c:/tool/gcc-arm/bin/../lib/gcc/arm-none-eabi/10.3.1/../../../../arm-none-eabi/lib/thumb/v7-m/nofp\libc.a(lib_a-putc.o)
 .ARM.attributes
                0x00000c95       0x2d c:/tool/gcc-arm/bin/../lib/gcc/arm-none-eabi/10.3.1/../../../../arm-none-eabi/lib/thumb/v7-m/nofp\libc.a(lib_a-reallocr.o)
 .ARM.attributes
                0x00000cc2       0x2d c:/tool/gcc-arm/bin/../lib/gcc/arm-none-eabi/10.3.1/../../../../arm-none-eabi/lib/thumb/v7-m/nofp\libc.a(lib_a-reent.o)
 .ARM.attributes
                0x00000cef       0x2d c:/tool/gcc-arm/bin/../lib/gcc/arm-none-eabi/10.3.1/../../../../arm-none-eabi/lib/thumb/v7-m/nofp\libc.a(lib_a-s_frexp.o)
 .ARM.attributes
                0x00000d1c       0x2d c:/tool/gcc-arm/bin/../lib/gcc/arm-none-eabi/10.3.1/../../../../arm-none-eabi/lib/thumb/v7-m/nofp\libc.a(lib_a-stdio.o)
 .ARM.attributes
                0x00000d49       0x2d c:/tool/gcc-arm/bin/../lib/gcc/arm-none-eabi/10.3.1/../../../../arm-none-eabi/lib/thumb/v7-m/nofp\libc.a(lib_a-strchr.o)
 .ARM.attributes
                0x00000d76       0x2d c:/tool/gcc-arm/bin/../lib/gcc/arm-none-eabi/10.3.1/../../../../arm-none-eabi/lib/thumb/v7-m/nofp\libc.a(lib_a-strncpy.o)
 .ARM.attributes
                0x00000da3       0x2d c:/tool/gcc-arm/bin/../lib/gcc/arm-none-eabi/10.3.1/../../../../arm-none-eabi/lib/thumb/v7-m/nofp\libc.a(lib_a-strnlen.o)
 .ARM.attributes
                0x00000dd0       0x2d c:/tool/gcc-arm/bin/../lib/gcc/arm-none-eabi/10.3.1/../../../../arm-none-eabi/lib/thumb/v7-m/nofp\libc.a(lib_a-vfiprintf.o)
 .ARM.attributes
                0x00000dfd       0x2d c:/tool/gcc-arm/bin/../lib/gcc/arm-none-eabi/10.3.1/../../../../arm-none-eabi/lib/thumb/v7-m/nofp\libc.a(lib_a-wbuf.o)
 .ARM.attributes
                0x00000e2a       0x2d c:/tool/gcc-arm/bin/../lib/gcc/arm-none-eabi/10.3.1/../../../../arm-none-eabi/lib/thumb/v7-m/nofp\libc.a(lib_a-writer.o)
 .ARM.attributes
                0x00000e57       0x2d c:/tool/gcc-arm/bin/../lib/gcc/arm-none-eabi/10.3.1/../../../../arm-none-eabi/lib/thumb/v7-m/nofp\libc.a(lib_a-__atexit.o)
 .ARM.attributes
                0x00000e84       0x2d c:/tool/gcc-arm/bin/../lib/gcc/arm-none-eabi/10.3.1/../../../../arm-none-eabi/lib/thumb/v7-m/nofp\libc.a(lib_a-assert.o)
 .ARM.attributes
                0x00000eb1       0x2d c:/tool/gcc-arm/bin/../lib/gcc/arm-none-eabi/10.3.1/../../../../arm-none-eabi/lib/thumb/v7-m/nofp\libc.a(lib_a-callocr.o)
 .ARM.attributes
                0x00000ede       0x2d c:/tool/gcc-arm/bin/../lib/gcc/arm-none-eabi/10.3.1/../../../../arm-none-eabi/lib/thumb/v7-m/nofp\libc.a(lib_a-closer.o)
 .ARM.attributes
                0x00000f0b       0x2d c:/tool/gcc-arm/bin/../lib/gcc/arm-none-eabi/10.3.1/../../../../arm-none-eabi/lib/thumb/v7-m/nofp\libc.a(lib_a-fclose.o)
 .ARM.attributes
                0x00000f38       0x2d c:/tool/gcc-arm/bin/../lib/gcc/arm-none-eabi/10.3.1/../../../../arm-none-eabi/lib/thumb/v7-m/nofp\libc.a(lib_a-fiprintf.o)
 .ARM.attributes
                0x00000f65       0x2d c:/tool/gcc-arm/bin/../lib/gcc/arm-none-eabi/10.3.1/../../../../arm-none-eabi/lib/thumb/v7-m/nofp\libc.a(lib_a-fputwc.o)
 .ARM.attributes
                0x00000f92       0x2d c:/tool/gcc-arm/bin/../lib/gcc/arm-none-eabi/10.3.1/../../../../arm-none-eabi/lib/thumb/v7-m/nofp\libc.a(lib_a-fstatr.o)
 .ARM.attributes
                0x00000fbf       0x2d c:/tool/gcc-arm/bin/../lib/gcc/arm-none-eabi/10.3.1/../../../../arm-none-eabi/lib/thumb/v7-m/nofp\libc.a(lib_a-isattyr.o)
 .ARM.attributes
                0x00000fec       0x2d c:/tool/gcc-arm/bin/../lib/gcc/arm-none-eabi/10.3.1/../../../../arm-none-eabi/lib/thumb/v7-m/nofp\libc.a(lib_a-locale.o)
 .ARM.attributes
                0x00001019       0x2d c:/tool/gcc-arm/bin/../lib/gcc/arm-none-eabi/10.3.1/../../../../arm-none-eabi/lib/thumb/v7-m/nofp\libc.a(lib_a-lseekr.o)
 .ARM.attributes
                0x00001046       0x2d c:/tool/gcc-arm/bin/../lib/gcc/arm-none-eabi/10.3.1/../../../../arm-none-eabi/lib/thumb/v7-m/nofp\libc.a(lib_a-mbtowc_r.o)
 .ARM.attributes
                0x00001073       0x2d c:/tool/gcc-arm/bin/../lib/gcc/arm-none-eabi/10.3.1/../../../../arm-none-eabi/lib/thumb/v7-m/nofp\libc.a(lib_a-readr.o)
 .ARM.attributes
                0x000010a0       0x2d c:/tool/gcc-arm/bin/../lib/gcc/arm-none-eabi/10.3.1/../../../../arm-none-eabi/lib/thumb/v7-m/nofp\libc.a(lib_a-wcrtomb.o)
 .ARM.attributes
                0x000010cd       0x2d c:/tool/gcc-arm/bin/../lib/gcc/arm-none-eabi/10.3.1/../../../../arm-none-eabi/lib/thumb/v7-m/nofp\libc.a(lib_a-wctomb_r.o)
 .ARM.attributes
                0x000010fa       0x2d c:/tool/gcc-arm/bin/../lib/gcc/arm-none-eabi/10.3.1/../../../../arm-none-eabi/lib/thumb/v7-m/nofp\libc.a(lib_a-abort.o)
 .ARM.attributes
                0x00001127       0x2d c:/tool/gcc-arm/bin/../lib/gcc/arm-none-eabi/10.3.1/../../../../arm-none-eabi/lib/thumb/v7-m/nofp\libc.a(lib_a-signal.o)
 .ARM.attributes
                0x00001154       0x2d c:/tool/gcc-arm/bin/../lib/gcc/arm-none-eabi/10.3.1/../../../../arm-none-eabi/lib/thumb/v7-m/nofp\libc.a(lib_a-signalr.o)
 .ARM.attributes
                0x00001181       0x2d c:/tool/gcc-arm/bin/../lib/gcc/arm-none-eabi/10.3.1/../../../../arm-none-eabi/lib/thumb/v7-m/nofp\libnosys.a(close.o)
 .ARM.attributes
                0x000011ae       0x2d c:/tool/gcc-arm/bin/../lib/gcc/arm-none-eabi/10.3.1/../../../../arm-none-eabi/lib/thumb/v7-m/nofp\libnosys.a(fstat.o)
 .ARM.attributes
                0x000011db       0x2d c:/tool/gcc-arm/bin/../lib/gcc/arm-none-eabi/10.3.1/../../../../arm-none-eabi/lib/thumb/v7-m/nofp\libnosys.a(getpid.o)
 .ARM.attributes
                0x00001208       0x2d c:/tool/gcc-arm/bin/../lib/gcc/arm-none-eabi/10.3.1/../../../../arm-none-eabi/lib/thumb/v7-m/nofp\libnosys.a(isatty.o)
 .ARM.attributes
                0x00001235       0x2d c:/tool/gcc-arm/bin/../lib/gcc/arm-none-eabi/10.3.1/../../../../arm-none-eabi/lib/thumb/v7-m/nofp\libnosys.a(kill.o)
 .ARM.attributes
                0x00001262       0x2d c:/tool/gcc-arm/bin/../lib/gcc/arm-none-eabi/10.3.1/../../../../arm-none-eabi/lib/thumb/v7-m/nofp\libnosys.a(lseek.o)
 .ARM.attributes
                0x0000128f       0x2d c:/tool/gcc-arm/bin/../lib/gcc/arm-none-eabi/10.3.1/../../../../arm-none-eabi/lib/thumb/v7-m/nofp\libnosys.a(read.o)
 .ARM.attributes
                0x000012bc       0x2d c:/tool/gcc-arm/bin/../lib/gcc/arm-none-eabi/10.3.1/../../../../arm-none-eabi/lib/thumb/v7-m/nofp\libnosys.a(sbrk.o)
 .ARM.attributes
                0x000012e9       0x2d c:/tool/gcc-arm/bin/../lib/gcc/arm-none-eabi/10.3.1/../../../../arm-none-eabi/lib/thumb/v7-m/nofp\libnosys.a(_exit.o)
 .ARM.attributes
                0x00001316       0x1d c:/tool/gcc-arm/bin/../lib/gcc/arm-none-eabi/10.3.1/thumb/v7-m/nofp\libgcc.a(_arm_addsubdf3.o)
 .ARM.attributes
                0x00001333       0x1d c:/tool/gcc-arm/bin/../lib/gcc/arm-none-eabi/10.3.1/thumb/v7-m/nofp\libgcc.a(_arm_muldivdf3.o)
 .ARM.attributes
                0x00001350       0x1d c:/tool/gcc-arm/bin/../lib/gcc/arm-none-eabi/10.3.1/thumb/v7-m/nofp\libgcc.a(_arm_cmpdf2.o)
 .ARM.attributes
                0x0000136d       0x1d c:/tool/gcc-arm/bin/../lib/gcc/arm-none-eabi/10.3.1/thumb/v7-m/nofp\libgcc.a(_arm_unorddf2.o)
 .ARM.attributes
                0x0000138a       0x1d c:/tool/gcc-arm/bin/../lib/gcc/arm-none-eabi/10.3.1/thumb/v7-m/nofp\libgcc.a(_arm_fixdfsi.o)
 .ARM.attributes
                0x000013a7       0x1d c:/tool/gcc-arm/bin/../lib/gcc/arm-none-eabi/10.3.1/thumb/v7-m/nofp\libgcc.a(_aeabi_uldivmod.o)
 .ARM.attributes
                0x000013c4       0x2d c:/tool/gcc-arm/bin/../lib/gcc/arm-none-eabi/10.3.1/thumb/v7-m/nofp\libgcc.a(_udivmoddi4.o)
 .ARM.attributes
                0x000013f1       0x1d c:/tool/gcc-arm/bin/../lib/gcc/arm-none-eabi/10.3.1/thumb/v7-m/nofp\libgcc.a(_dvmd_tls.o)
 .ARM.attributes
                0x0000140e       0x1d c:/tool/gcc-arm/bin/../lib/gcc/arm-none-eabi/10.3.1/thumb/v7-m/nofp/crtn.o
OUTPUT(build/STM32F103C8T6.elf elf32-littlearm)
LOAD linker stubs
LOAD c:/tool/gcc-arm/bin/../lib/gcc/arm-none-eabi/10.3.1/../../../../arm-none-eabi/lib/thumb/v7-m/nofp\libc.a
LOAD c:/tool/gcc-arm/bin/../lib/gcc/arm-none-eabi/10.3.1/../../../../arm-none-eabi/lib/thumb/v7-m/nofp\libm.a
LOAD c:/tool/gcc-arm/bin/../lib/gcc/arm-none-eabi/10.3.1/thumb/v7-m/nofp\libgcc.a

.debug_info     0x00000000    0x17fd8
 .debug_info    0x00000000     0x15b0 build/main.o
 .debug_info    0x000015b0      0x367 build/gpio.o
 .debug_info    0x00001917      0x375 build/dma.o
 .debug_info    0x00001c8c      0xbb8 build/i2c.o
 .debug_info    0x00002844      0xf40 build/tim.o
 .debug_info    0x00003784      0xb31 build/usart.o
 .debug_info    0x000042b5      0xf0a build/stm32f1xx_it.o
 .debug_info    0x000051bf      0x238 build/stm32f1xx_hal_msp.o
 .debug_info    0x000053f7     0x3c52 build/stm32f1xx_hal_i2c.o
 .debug_info    0x00009049      0x855 build/stm32f1xx_hal.o
 .debug_info    0x0000989e      0xaec build/stm32f1xx_hal_rcc.o
 .debug_info    0x0000a38a      0x6d7 build/stm32f1xx_hal_gpio.o
 .debug_info    0x0000aa61      0x8bb build/stm32f1xx_hal_dma.o
 .debug_info    0x0000b31c      0xe2d build/stm32f1xx_hal_cortex.o
 .debug_info    0x0000c149     0x3df8 build/stm32f1xx_hal_tim.o
 .debug_info    0x0000ff41     0x1b67 build/stm32f1xx_hal_tim_ex.o
 .debug_info    0x00011aa8     0x1e12 build/stm32f1xx_hal_uart.o
 .debug_info    0x000138ba      0x26e build/system_stm32f1xx.o
 .debug_info    0x00013b28      0x956 build/console.o
 .debug_info    0x0001447e      0x773 build/m_tim.o
 .debug_info    0x00014bf1     0x10ec build/fifo.o
 .debug_info    0x00015cdd      0x315 build/led.o
 .debug_info    0x00015ff2      0x6d7 build/oled.o
 .debug_info    0x000166c9      0x870 build/pwm.o
 .debug_info    0x00016f39      0x2ca build/soft_i2c_stm32.o
 .debug_info    0x00017203      0x721 build/soft_i2c.o
 .debug_info    0x00017924      0x692 build/uart_redirect.o
 .debug_info    0x00017fb6       0x22 build/startup_stm32f103xb.o

.debug_abbrev   0x00000000     0x3539
 .debug_abbrev  0x00000000      0x2f7 build/main.o
 .debug_abbrev  0x000002f7      0x13f build/gpio.o
 .debug_abbrev  0x00000436      0x117 build/dma.o
 .debug_abbrev  0x0000054d      0x1e1 build/i2c.o
 .debug_abbrev  0x0000072e      0x1f3 build/tim.o
 .debug_abbrev  0x00000921      0x1e1 build/usart.o
 .debug_abbrev  0x00000b02      0x198 build/stm32f1xx_it.o
 .debug_abbrev  0x00000c9a       0xe7 build/stm32f1xx_hal_msp.o
 .debug_abbrev  0x00000d81      0x306 build/stm32f1xx_hal_i2c.o
 .debug_abbrev  0x00001087      0x1f7 build/stm32f1xx_hal.o
 .debug_abbrev  0x0000127e      0x29a build/stm32f1xx_hal_rcc.o
 .debug_abbrev  0x00001518      0x222 build/stm32f1xx_hal_gpio.o
 .debug_abbrev  0x0000173a      0x244 build/stm32f1xx_hal_dma.o
 .debug_abbrev  0x0000197e      0x359 build/stm32f1xx_hal_cortex.o
 .debug_abbrev  0x00001cd7      0x296 build/stm32f1xx_hal_tim.o
 .debug_abbrev  0x00001f6d      0x298 build/stm32f1xx_hal_tim_ex.o
 .debug_abbrev  0x00002205      0x2ab build/stm32f1xx_hal_uart.o
 .debug_abbrev  0x000024b0      0x140 build/system_stm32f1xx.o
 .debug_abbrev  0x000025f0      0x206 build/console.o
 .debug_abbrev  0x000027f6      0x1fc build/m_tim.o
 .debug_abbrev  0x000029f2      0x263 build/fifo.o
 .debug_abbrev  0x00002c55      0x11a build/led.o
 .debug_abbrev  0x00002d6f      0x153 build/oled.o
 .debug_abbrev  0x00002ec2      0x210 build/pwm.o
 .debug_abbrev  0x000030d2      0x139 build/soft_i2c_stm32.o
 .debug_abbrev  0x0000320b      0x181 build/soft_i2c.o
 .debug_abbrev  0x0000338c      0x19b build/uart_redirect.o
 .debug_abbrev  0x00003527       0x12 build/startup_stm32f103xb.o

.debug_loc      0x00000000    0x13591
 .debug_loc     0x00000000       0xd0 build/main.o
 .debug_loc     0x000000d0       0x38 build/gpio.o